  Determining projects to restore...
  All projects are up-to-date for restore.
  AgriSmart.Core -> C:\Users\AlexQQ\Desktop\agrismart-web-v1_1\Agrismart-main\AgriSmart.Core\bin\Debug\net6.0\AgriSmart.Core.dll
  AgriSmart.Calculator -> C:\Users\AlexQQ\Desktop\agrismart-web-v1_1\Agrismart-main\AgriSmart.Calculator\bin\Debug\net6.0\AgriSmart.Calculator.dll
C:\Users\AlexQQ\Desktop\agrismart-web-v1_1\Agrismart-main\AgriSmart.Infrastructure\Repositories\Command\BaseCommandRepository.cs(41,30): warning CS8602: Dereference of a possibly null reference. [C:\Users\AlexQQ\Desktop\agrismart-web-v1_1\Agrismart-main\AgriSmart.Infrastructure\AgriSmart.Infrastructure.csproj]
C:\Users\AlexQQ\Desktop\agrismart-web-v1_1\Agrismart-main\AgriSmart.Infrastructure\Repositories\Command\BaseCommandRepository.cs(46,30): warning CS8602: Dereference of a possibly null reference. [C:\Users\AlexQQ\Desktop\agrismart-web-v1_1\Agrismart-main\AgriSmart.Infrastructure\AgriSmart.Infrastructure.csproj]
C:\Users\AlexQQ\Desktop\agrismart-web-v1_1\Agrismart-main\AgriSmart.Infrastructure\Repositories\Command\BaseCommandRepository.cs(51,30): warning CS8602: Dereference of a possibly null reference. [C:\Users\AlexQQ\Desktop\agrismart-web-v1_1\Agrismart-main\AgriSmart.Infrastructure\AgriSmart.Infrastructure.csproj]
C:\Users\AlexQQ\Desktop\agrismart-web-v1_1\Agrismart-main\AgriSmart.Infrastructure\Repositories\Command\IrrigationEventCommandRepository.cs(24,17): warning CS4014: Because this call is not awaited, execution of the current method continues before the call is completed. Consider applying the 'await' operator to the result of the call. [C:\Users\AlexQQ\Desktop\agrismart-web-v1_1\Agrismart-main\AgriSmart.Infrastructure\AgriSmart.Infrastructure.csproj]
C:\Users\AlexQQ\Desktop\agrismart-web-v1_1\Agrismart-main\AgriSmart.Infrastructure\Repositories\Command\IrrigationEventCommandRepository.cs(27,17): warning CS4014: Because this call is not awaited, execution of the current method continues before the call is completed. Consider applying the 'await' operator to the result of the call. [C:\Users\AlexQQ\Desktop\agrismart-web-v1_1\Agrismart-main\AgriSmart.Infrastructure\AgriSmart.Infrastructure.csproj]
C:\Users\AlexQQ\Desktop\agrismart-web-v1_1\Agrismart-main\AgriSmart.Infrastructure\Repositories\Command\IrrigationEventCommandRepository.cs(35,30): warning CS0168: The variable 'ex' is declared but never used [C:\Users\AlexQQ\Desktop\agrismart-web-v1_1\Agrismart-main\AgriSmart.Infrastructure\AgriSmart.Infrastructure.csproj]
C:\Users\AlexQQ\Desktop\agrismart-web-v1_1\Agrismart-main\AgriSmart.Infrastructure\Repositories\Command\IrrigationEventCommandRepository.cs(18,48): warning CS1998: This async method lacks 'await' operators and will run synchronously. Consider using the 'await' operator to await non-blocking API calls, or 'await Task.Run(...)' to do CPU-bound work on a background thread. [C:\Users\AlexQQ\Desktop\agrismart-web-v1_1\Agrismart-main\AgriSmart.Infrastructure\AgriSmart.Infrastructure.csproj]
C:\Users\AlexQQ\Desktop\agrismart-web-v1_1\Agrismart-main\AgriSmart.Infrastructure\Repositories\Command\IrrigationModeRepository.cs(66,20): warning CS8603: Possible null reference return. [C:\Users\AlexQQ\Desktop\agrismart-web-v1_1\Agrismart-main\AgriSmart.Infrastructure\AgriSmart.Infrastructure.csproj]
C:\Users\AlexQQ\Desktop\agrismart-web-v1_1\Agrismart-main\AgriSmart.Infrastructure\Repositories\Query\WaterQueryRepository.cs(57,24): warning CS8603: Possible null reference return. [C:\Users\AlexQQ\Desktop\agrismart-web-v1_1\Agrismart-main\AgriSmart.Infrastructure\AgriSmart.Infrastructure.csproj]
C:\Users\AlexQQ\Desktop\agrismart-web-v1_1\Agrismart-main\AgriSmart.Infrastructure\Repositories\Command\IrrigationPlanEntryRepository.cs(69,20): warning CS8603: Possible null reference return. [C:\Users\AlexQQ\Desktop\agrismart-web-v1_1\Agrismart-main\AgriSmart.Infrastructure\AgriSmart.Infrastructure.csproj]
C:\Users\AlexQQ\Desktop\agrismart-web-v1_1\Agrismart-main\AgriSmart.Infrastructure\Repositories\Command\IrrigationPlanRepository.cs(68,20): warning CS8603: Possible null reference return. [C:\Users\AlexQQ\Desktop\agrismart-web-v1_1\Agrismart-main\AgriSmart.Infrastructure\AgriSmart.Infrastructure.csproj]
C:\Users\AlexQQ\Desktop\agrismart-web-v1_1\Agrismart-main\AgriSmart.Infrastructure\Repositories\Query\ClimateMeasurementQueryRepository.cs(40,24): warning CS8603: Possible null reference return. [C:\Users\AlexQQ\Desktop\agrismart-web-v1_1\Agrismart-main\AgriSmart.Infrastructure\AgriSmart.Infrastructure.csproj]
C:\Users\AlexQQ\Desktop\agrismart-web-v1_1\Agrismart-main\AgriSmart.Infrastructure\Repositories\Query\ClimateMeasurementQueryRepository.cs(20,60): warning CS1998: This async method lacks 'await' operators and will run synchronously. Consider using the 'await' operator to await non-blocking API calls, or 'await Task.Run(...)' to do CPU-bound work on a background thread. [C:\Users\AlexQQ\Desktop\agrismart-web-v1_1\Agrismart-main\AgriSmart.Infrastructure\AgriSmart.Infrastructure.csproj]
C:\Users\AlexQQ\Desktop\agrismart-web-v1_1\Agrismart-main\AgriSmart.Infrastructure\Repositories\Query\BaseQueryRepository.cs(22,34): warning CS8602: Dereference of a possibly null reference. [C:\Users\AlexQQ\Desktop\agrismart-web-v1_1\Agrismart-main\AgriSmart.Infrastructure\AgriSmart.Infrastructure.csproj]
C:\Users\AlexQQ\Desktop\agrismart-web-v1_1\Agrismart-main\AgriSmart.Infrastructure\Repositories\Query\BaseQueryRepository.cs(30,34): warning CS8602: Dereference of a possibly null reference. [C:\Users\AlexQQ\Desktop\agrismart-web-v1_1\Agrismart-main\AgriSmart.Infrastructure\AgriSmart.Infrastructure.csproj]
C:\Users\AlexQQ\Desktop\agrismart-web-v1_1\Agrismart-main\AgriSmart.Infrastructure\Repositories\Query\BaseQueryRepository.cs(38,34): warning CS8602: Dereference of a possibly null reference. [C:\Users\AlexQQ\Desktop\agrismart-web-v1_1\Agrismart-main\AgriSmart.Infrastructure\AgriSmart.Infrastructure.csproj]
C:\Users\AlexQQ\Desktop\agrismart-web-v1_1\Agrismart-main\AgriSmart.Infrastructure\Repositories\Query\WaterChemistryQueryRepository.cs(79,24): warning CS8603: Possible null reference return. [C:\Users\AlexQQ\Desktop\agrismart-web-v1_1\Agrismart-main\AgriSmart.Infrastructure\AgriSmart.Infrastructure.csproj]
C:\Users\AlexQQ\Desktop\agrismart-web-v1_1\Agrismart-main\AgriSmart.Infrastructure\Repositories\Query\CompanyQueryRepository.cs(48,47): warning CS8602: Dereference of a possibly null reference. [C:\Users\AlexQQ\Desktop\agrismart-web-v1_1\Agrismart-main\AgriSmart.Infrastructure\AgriSmart.Infrastructure.csproj]
C:\Users\AlexQQ\Desktop\agrismart-web-v1_1\Agrismart-main\AgriSmart.Infrastructure\Repositories\Query\CompanyQueryRepository.cs(49,42): warning CS8602: Dereference of a possibly null reference. [C:\Users\AlexQQ\Desktop\agrismart-web-v1_1\Agrismart-main\AgriSmart.Infrastructure\AgriSmart.Infrastructure.csproj]
C:\Users\AlexQQ\Desktop\agrismart-web-v1_1\Agrismart-main\AgriSmart.Infrastructure\Repositories\Query\CompanyQueryRepository.cs(50,49): warning CS8602: Dereference of a possibly null reference. [C:\Users\AlexQQ\Desktop\agrismart-web-v1_1\Agrismart-main\AgriSmart.Infrastructure\AgriSmart.Infrastructure.csproj]
C:\Users\AlexQQ\Desktop\agrismart-web-v1_1\Agrismart-main\AgriSmart.Infrastructure\Repositories\Query\CompanyQueryRepository.cs(51,44): warning CS8602: Dereference of a possibly null reference. [C:\Users\AlexQQ\Desktop\agrismart-web-v1_1\Agrismart-main\AgriSmart.Infrastructure\AgriSmart.Infrastructure.csproj]
C:\Users\AlexQQ\Desktop\agrismart-web-v1_1\Agrismart-main\AgriSmart.Infrastructure\Repositories\Query\CompanyQueryRepository.cs(52,47): warning CS8602: Dereference of a possibly null reference. [C:\Users\AlexQQ\Desktop\agrismart-web-v1_1\Agrismart-main\AgriSmart.Infrastructure\AgriSmart.Infrastructure.csproj]
C:\Users\AlexQQ\Desktop\agrismart-web-v1_1\Agrismart-main\AgriSmart.Infrastructure\Repositories\Query\CompanyQueryRepository.cs(53,49): warning CS8602: Dereference of a possibly null reference. [C:\Users\AlexQQ\Desktop\agrismart-web-v1_1\Agrismart-main\AgriSmart.Infrastructure\AgriSmart.Infrastructure.csproj]
C:\Users\AlexQQ\Desktop\agrismart-web-v1_1\Agrismart-main\AgriSmart.Infrastructure\Repositories\Query\CompanyQueryRepository.cs(54,47): warning CS8602: Dereference of a possibly null reference. [C:\Users\AlexQQ\Desktop\agrismart-web-v1_1\Agrismart-main\AgriSmart.Infrastructure\AgriSmart.Infrastructure.csproj]
C:\Users\AlexQQ\Desktop\agrismart-web-v1_1\Agrismart-main\AgriSmart.Infrastructure\Repositories\Query\CompanyQueryRepository.cs(55,49): warning CS8602: Dereference of a possibly null reference. [C:\Users\AlexQQ\Desktop\agrismart-web-v1_1\Agrismart-main\AgriSmart.Infrastructure\AgriSmart.Infrastructure.csproj]
C:\Users\AlexQQ\Desktop\agrismart-web-v1_1\Agrismart-main\AgriSmart.Infrastructure\Repositories\Query\CompanyQueryRepository.cs(87,47): warning CS8602: Dereference of a possibly null reference. [C:\Users\AlexQQ\Desktop\agrismart-web-v1_1\Agrismart-main\AgriSmart.Infrastructure\AgriSmart.Infrastructure.csproj]
C:\Users\AlexQQ\Desktop\agrismart-web-v1_1\Agrismart-main\AgriSmart.Infrastructure\Repositories\Query\CompanyQueryRepository.cs(88,42): warning CS8602: Dereference of a possibly null reference. [C:\Users\AlexQQ\Desktop\agrismart-web-v1_1\Agrismart-main\AgriSmart.Infrastructure\AgriSmart.Infrastructure.csproj]
C:\Users\AlexQQ\Desktop\agrismart-web-v1_1\Agrismart-main\AgriSmart.Infrastructure\Repositories\Query\CompanyQueryRepository.cs(89,49): warning CS8602: Dereference of a possibly null reference. [C:\Users\AlexQQ\Desktop\agrismart-web-v1_1\Agrismart-main\AgriSmart.Infrastructure\AgriSmart.Infrastructure.csproj]
C:\Users\AlexQQ\Desktop\agrismart-web-v1_1\Agrismart-main\AgriSmart.Infrastructure\Repositories\Query\CompanyQueryRepository.cs(90,44): warning CS8602: Dereference of a possibly null reference. [C:\Users\AlexQQ\Desktop\agrismart-web-v1_1\Agrismart-main\AgriSmart.Infrastructure\AgriSmart.Infrastructure.csproj]
C:\Users\AlexQQ\Desktop\agrismart-web-v1_1\Agrismart-main\AgriSmart.Infrastructure\Repositories\Query\CompanyQueryRepository.cs(91,47): warning CS8602: Dereference of a possibly null reference. [C:\Users\AlexQQ\Desktop\agrismart-web-v1_1\Agrismart-main\AgriSmart.Infrastructure\AgriSmart.Infrastructure.csproj]
C:\Users\AlexQQ\Desktop\agrismart-web-v1_1\Agrismart-main\AgriSmart.Infrastructure\Repositories\Query\CompanyQueryRepository.cs(92,49): warning CS8602: Dereference of a possibly null reference. [C:\Users\AlexQQ\Desktop\agrismart-web-v1_1\Agrismart-main\AgriSmart.Infrastructure\AgriSmart.Infrastructure.csproj]
C:\Users\AlexQQ\Desktop\agrismart-web-v1_1\Agrismart-main\AgriSmart.Infrastructure\Repositories\Query\CompanyQueryRepository.cs(93,47): warning CS8602: Dereference of a possibly null reference. [C:\Users\AlexQQ\Desktop\agrismart-web-v1_1\Agrismart-main\AgriSmart.Infrastructure\AgriSmart.Infrastructure.csproj]
C:\Users\AlexQQ\Desktop\agrismart-web-v1_1\Agrismart-main\AgriSmart.Infrastructure\Repositories\Query\CompanyQueryRepository.cs(94,49): warning CS8602: Dereference of a possibly null reference. [C:\Users\AlexQQ\Desktop\agrismart-web-v1_1\Agrismart-main\AgriSmart.Infrastructure\AgriSmart.Infrastructure.csproj]
C:\Users\AlexQQ\Desktop\agrismart-web-v1_1\Agrismart-main\AgriSmart.Infrastructure\Repositories\Query\DeviceSensorCacheRepository.cs(30,52): warning CS8600: Converting null literal or possible null value to non-nullable type. [C:\Users\AlexQQ\Desktop\agrismart-web-v1_1\Agrismart-main\AgriSmart.Infrastructure\AgriSmart.Infrastructure.csproj]
C:\Users\AlexQQ\Desktop\agrismart-web-v1_1\Agrismart-main\AgriSmart.Infrastructure\Repositories\Query\DeviceSensorCacheRepository.cs(35,20): warning CS8603: Possible null reference return. [C:\Users\AlexQQ\Desktop\agrismart-web-v1_1\Agrismart-main\AgriSmart.Infrastructure\AgriSmart.Infrastructure.csproj]
C:\Users\AlexQQ\Desktop\agrismart-web-v1_1\Agrismart-main\AgriSmart.Infrastructure\Repositories\Query\CropProductionIrrigationSectorQueryRepository.cs(47,54): warning CS8602: Dereference of a possibly null reference. [C:\Users\AlexQQ\Desktop\agrismart-web-v1_1\Agrismart-main\AgriSmart.Infrastructure\AgriSmart.Infrastructure.csproj]
C:\Users\AlexQQ\Desktop\agrismart-web-v1_1\Agrismart-main\AgriSmart.Infrastructure\Repositories\Query\CropProductionIrrigationSectorQueryRepository.cs(48,42): warning CS8602: Dereference of a possibly null reference. [C:\Users\AlexQQ\Desktop\agrismart-web-v1_1\Agrismart-main\AgriSmart.Infrastructure\AgriSmart.Infrastructure.csproj]
C:\Users\AlexQQ\Desktop\agrismart-web-v1_1\Agrismart-main\AgriSmart.Infrastructure\Repositories\Query\CropProductionIrrigationSectorQueryRepository.cs(49,45): warning CS8602: Dereference of a possibly null reference. [C:\Users\AlexQQ\Desktop\agrismart-web-v1_1\Agrismart-main\AgriSmart.Infrastructure\AgriSmart.Infrastructure.csproj]
C:\Users\AlexQQ\Desktop\agrismart-web-v1_1\Agrismart-main\AgriSmart.Infrastructure\Repositories\Query\CropProductionIrrigationSectorQueryRepository.cs(50,44): warning CS8602: Dereference of a possibly null reference. [C:\Users\AlexQQ\Desktop\agrismart-web-v1_1\Agrismart-main\AgriSmart.Infrastructure\AgriSmart.Infrastructure.csproj]
C:\Users\AlexQQ\Desktop\agrismart-web-v1_1\Agrismart-main\AgriSmart.Infrastructure\Repositories\Query\CropProductionIrrigationSectorQueryRepository.cs(51,47): warning CS8602: Dereference of a possibly null reference. [C:\Users\AlexQQ\Desktop\agrismart-web-v1_1\Agrismart-main\AgriSmart.Infrastructure\AgriSmart.Infrastructure.csproj]
C:\Users\AlexQQ\Desktop\agrismart-web-v1_1\Agrismart-main\AgriSmart.Infrastructure\Repositories\Query\CropProductionIrrigationSectorQueryRepository.cs(52,49): warning CS8602: Dereference of a possibly null reference. [C:\Users\AlexQQ\Desktop\agrismart-web-v1_1\Agrismart-main\AgriSmart.Infrastructure\AgriSmart.Infrastructure.csproj]
C:\Users\AlexQQ\Desktop\agrismart-web-v1_1\Agrismart-main\AgriSmart.Infrastructure\Repositories\Query\CropProductionIrrigationSectorQueryRepository.cs(53,47): warning CS8602: Dereference of a possibly null reference. [C:\Users\AlexQQ\Desktop\agrismart-web-v1_1\Agrismart-main\AgriSmart.Infrastructure\AgriSmart.Infrastructure.csproj]
C:\Users\AlexQQ\Desktop\agrismart-web-v1_1\Agrismart-main\AgriSmart.Infrastructure\Repositories\Query\CropProductionIrrigationSectorQueryRepository.cs(54,49): warning CS8602: Dereference of a possibly null reference. [C:\Users\AlexQQ\Desktop\agrismart-web-v1_1\Agrismart-main\AgriSmart.Infrastructure\AgriSmart.Infrastructure.csproj]
C:\Users\AlexQQ\Desktop\agrismart-web-v1_1\Agrismart-main\AgriSmart.Infrastructure\Repositories\Query\DeviceSensorCacheRepository.cs(40,52): warning CS8600: Converting null literal or possible null value to non-nullable type. [C:\Users\AlexQQ\Desktop\agrismart-web-v1_1\Agrismart-main\AgriSmart.Infrastructure\AgriSmart.Infrastructure.csproj]
C:\Users\AlexQQ\Desktop\agrismart-web-v1_1\Agrismart-main\AgriSmart.Infrastructure\Repositories\Query\DeviceSensorCacheRepository.cs(45,20): warning CS8603: Possible null reference return. [C:\Users\AlexQQ\Desktop\agrismart-web-v1_1\Agrismart-main\AgriSmart.Infrastructure\AgriSmart.Infrastructure.csproj]
C:\Users\AlexQQ\Desktop\agrismart-web-v1_1\Agrismart-main\AgriSmart.Infrastructure\Repositories\Query\UserQueryRepositoryExtensions.cs(17,45): error CS7036: There is no argument given that corresponds to the required parameter 'profileId' of 'IUserQueryRepository.GetAllAsync(int, int, int)' [C:\Users\AlexQQ\Desktop\agrismart-web-v1_1\Agrismart-main\AgriSmart.Infrastructure\AgriSmart.Infrastructure.csproj]
C:\Users\AlexQQ\Desktop\agrismart-web-v1_1\Agrismart-main\AgriSmart.Infrastructure\Mappings\IrrigationDesignMappingProfile.cs(19,105): warning CS8600: Converting null literal or possible null value to non-nullable type. [C:\Users\AlexQQ\Desktop\agrismart-web-v1_1\Agrismart-main\AgriSmart.Infrastructure\AgriSmart.Infrastructure.csproj]
C:\Users\AlexQQ\Desktop\agrismart-web-v1_1\Agrismart-main\AgriSmart.Infrastructure\Mappings\IrrigationDesignMappingProfile.cs(21,101): warning CS8600: Converting null literal or possible null value to non-nullable type. [C:\Users\AlexQQ\Desktop\agrismart-web-v1_1\Agrismart-main\AgriSmart.Infrastructure\AgriSmart.Infrastructure.csproj]
C:\Users\AlexQQ\Desktop\agrismart-web-v1_1\Agrismart-main\AgriSmart.Infrastructure\Mappings\IrrigationDesignMappingProfile.cs(24,107): warning CS8600: Converting null literal or possible null value to non-nullable type. [C:\Users\AlexQQ\Desktop\agrismart-web-v1_1\Agrismart-main\AgriSmart.Infrastructure\AgriSmart.Infrastructure.csproj]
C:\Users\AlexQQ\Desktop\agrismart-web-v1_1\Agrismart-main\AgriSmart.Infrastructure\Mappings\IrrigationDesignMappingProfile.cs(27,109): warning CS8600: Converting null literal or possible null value to non-nullable type. [C:\Users\AlexQQ\Desktop\agrismart-web-v1_1\Agrismart-main\AgriSmart.Infrastructure\AgriSmart.Infrastructure.csproj]
C:\Users\AlexQQ\Desktop\agrismart-web-v1_1\Agrismart-main\AgriSmart.Infrastructure\Mappings\IrrigationDesignMappingProfile.cs(29,76): warning CS8600: Converting null literal or possible null value to non-nullable type. [C:\Users\AlexQQ\Desktop\agrismart-web-v1_1\Agrismart-main\AgriSmart.Infrastructure\AgriSmart.Infrastructure.csproj]
C:\Users\AlexQQ\Desktop\agrismart-web-v1_1\Agrismart-main\AgriSmart.Infrastructure\Mappings\IrrigationDesignMappingProfile.cs(33,105): warning CS8600: Converting null literal or possible null value to non-nullable type. [C:\Users\AlexQQ\Desktop\agrismart-web-v1_1\Agrismart-main\AgriSmart.Infrastructure\AgriSmart.Infrastructure.csproj]
C:\Users\AlexQQ\Desktop\agrismart-web-v1_1\Agrismart-main\AgriSmart.Infrastructure\Mappings\IrrigationDesignMappingProfile.cs(35,101): warning CS8600: Converting null literal or possible null value to non-nullable type. [C:\Users\AlexQQ\Desktop\agrismart-web-v1_1\Agrismart-main\AgriSmart.Infrastructure\AgriSmart.Infrastructure.csproj]
C:\Users\AlexQQ\Desktop\agrismart-web-v1_1\Agrismart-main\AgriSmart.Infrastructure\Mappings\IrrigationDesignMappingProfile.cs(40,68): warning CS8600: Converting null literal or possible null value to non-nullable type. [C:\Users\AlexQQ\Desktop\agrismart-web-v1_1\Agrismart-main\AgriSmart.Infrastructure\AgriSmart.Infrastructure.csproj]
C:\Users\AlexQQ\Desktop\agrismart-web-v1_1\Agrismart-main\AgriSmart.Infrastructure\Mappings\IrrigationDesignMappingProfile.cs(42,71): warning CS8600: Converting null literal or possible null value to non-nullable type. [C:\Users\AlexQQ\Desktop\agrismart-web-v1_1\Agrismart-main\AgriSmart.Infrastructure\AgriSmart.Infrastructure.csproj]
C:\Users\AlexQQ\Desktop\agrismart-web-v1_1\Agrismart-main\AgriSmart.Infrastructure\Mappings\IrrigationDesignMappingProfile.cs(44,111): warning CS8600: Converting null literal or possible null value to non-nullable type. [C:\Users\AlexQQ\Desktop\agrismart-web-v1_1\Agrismart-main\AgriSmart.Infrastructure\AgriSmart.Infrastructure.csproj]
C:\Users\AlexQQ\Desktop\agrismart-web-v1_1\Agrismart-main\AgriSmart.Infrastructure\Mappings\IrrigationDesignMappingProfile.cs(46,103): warning CS8600: Converting null literal or possible null value to non-nullable type. [C:\Users\AlexQQ\Desktop\agrismart-web-v1_1\Agrismart-main\AgriSmart.Infrastructure\AgriSmart.Infrastructure.csproj]
C:\Users\AlexQQ\Desktop\agrismart-web-v1_1\Agrismart-main\AgriSmart.Infrastructure\Mappings\IrrigationDesignMappingProfile.cs(48,56): warning CS8600: Converting null literal or possible null value to non-nullable type. [C:\Users\AlexQQ\Desktop\agrismart-web-v1_1\Agrismart-main\AgriSmart.Infrastructure\AgriSmart.Infrastructure.csproj]
C:\Users\AlexQQ\Desktop\agrismart-web-v1_1\Agrismart-main\AgriSmart.Infrastructure\Repositories\Query\CropProductionIrrigationSectorQueryRepository.cs(86,54): warning CS8602: Dereference of a possibly null reference. [C:\Users\AlexQQ\Desktop\agrismart-web-v1_1\Agrismart-main\AgriSmart.Infrastructure\AgriSmart.Infrastructure.csproj]
C:\Users\AlexQQ\Desktop\agrismart-web-v1_1\Agrismart-main\AgriSmart.Infrastructure\Repositories\Query\CropProductionIrrigationSectorQueryRepository.cs(87,42): warning CS8602: Dereference of a possibly null reference. [C:\Users\AlexQQ\Desktop\agrismart-web-v1_1\Agrismart-main\AgriSmart.Infrastructure\AgriSmart.Infrastructure.csproj]
C:\Users\AlexQQ\Desktop\agrismart-web-v1_1\Agrismart-main\AgriSmart.Infrastructure\Repositories\Query\CropProductionIrrigationSectorQueryRepository.cs(88,45): warning CS8602: Dereference of a possibly null reference. [C:\Users\AlexQQ\Desktop\agrismart-web-v1_1\Agrismart-main\AgriSmart.Infrastructure\AgriSmart.Infrastructure.csproj]
C:\Users\AlexQQ\Desktop\agrismart-web-v1_1\Agrismart-main\AgriSmart.Infrastructure\Repositories\Query\CropProductionIrrigationSectorQueryRepository.cs(89,44): warning CS8602: Dereference of a possibly null reference. [C:\Users\AlexQQ\Desktop\agrismart-web-v1_1\Agrismart-main\AgriSmart.Infrastructure\AgriSmart.Infrastructure.csproj]
C:\Users\AlexQQ\Desktop\agrismart-web-v1_1\Agrismart-main\AgriSmart.Infrastructure\Repositories\Query\CropProductionIrrigationSectorQueryRepository.cs(90,47): warning CS8602: Dereference of a possibly null reference. [C:\Users\AlexQQ\Desktop\agrismart-web-v1_1\Agrismart-main\AgriSmart.Infrastructure\AgriSmart.Infrastructure.csproj]
C:\Users\AlexQQ\Desktop\agrismart-web-v1_1\Agrismart-main\AgriSmart.Infrastructure\Repositories\Query\CropProductionIrrigationSectorQueryRepository.cs(91,49): warning CS8602: Dereference of a possibly null reference. [C:\Users\AlexQQ\Desktop\agrismart-web-v1_1\Agrismart-main\AgriSmart.Infrastructure\AgriSmart.Infrastructure.csproj]
C:\Users\AlexQQ\Desktop\agrismart-web-v1_1\Agrismart-main\AgriSmart.Infrastructure\Repositories\Query\CropProductionIrrigationSectorQueryRepository.cs(92,47): warning CS8602: Dereference of a possibly null reference. [C:\Users\AlexQQ\Desktop\agrismart-web-v1_1\Agrismart-main\AgriSmart.Infrastructure\AgriSmart.Infrastructure.csproj]
C:\Users\AlexQQ\Desktop\agrismart-web-v1_1\Agrismart-main\AgriSmart.Infrastructure\Repositories\Query\CropProductionIrrigationSectorQueryRepository.cs(93,49): warning CS8602: Dereference of a possibly null reference. [C:\Users\AlexQQ\Desktop\agrismart-web-v1_1\Agrismart-main\AgriSmart.Infrastructure\AgriSmart.Infrastructure.csproj]
C:\Users\AlexQQ\Desktop\agrismart-web-v1_1\Agrismart-main\AgriSmart.Infrastructure\Repositories\Query\CropProductionQueryRepository.cs(47,44): warning CS8602: Dereference of a possibly null reference. [C:\Users\AlexQQ\Desktop\agrismart-web-v1_1\Agrismart-main\AgriSmart.Infrastructure\AgriSmart.Infrastructure.csproj]
C:\Users\AlexQQ\Desktop\agrismart-web-v1_1\Agrismart-main\AgriSmart.Infrastructure\Repositories\Query\CropProductionQueryRepository.cs(48,54): warning CS8602: Dereference of a possibly null reference. [C:\Users\AlexQQ\Desktop\agrismart-web-v1_1\Agrismart-main\AgriSmart.Infrastructure\AgriSmart.Infrastructure.csproj]
C:\Users\AlexQQ\Desktop\agrismart-web-v1_1\Agrismart-main\AgriSmart.Infrastructure\Repositories\Query\CropProductionQueryRepository.cs(49,42): warning CS8602: Dereference of a possibly null reference. [C:\Users\AlexQQ\Desktop\agrismart-web-v1_1\Agrismart-main\AgriSmart.Infrastructure\AgriSmart.Infrastructure.csproj]
C:\Users\AlexQQ\Desktop\agrismart-web-v1_1\Agrismart-main\AgriSmart.Infrastructure\Repositories\Query\CropProductionQueryRepository.cs(50,49): warning CS8602: Dereference of a possibly null reference. [C:\Users\AlexQQ\Desktop\agrismart-web-v1_1\Agrismart-main\AgriSmart.Infrastructure\AgriSmart.Infrastructure.csproj]
C:\Users\AlexQQ\Desktop\agrismart-web-v1_1\Agrismart-main\AgriSmart.Infrastructure\Repositories\Query\CropProductionQueryRepository.cs(51,53): warning CS8602: Dereference of a possibly null reference. [C:\Users\AlexQQ\Desktop\agrismart-web-v1_1\Agrismart-main\AgriSmart.Infrastructure\AgriSmart.Infrastructure.csproj]
C:\Users\AlexQQ\Desktop\agrismart-web-v1_1\Agrismart-main\AgriSmart.Infrastructure\Repositories\Query\CropProductionQueryRepository.cs(52,47): warning CS8602: Dereference of a possibly null reference. [C:\Users\AlexQQ\Desktop\agrismart-web-v1_1\Agrismart-main\AgriSmart.Infrastructure\AgriSmart.Infrastructure.csproj]
C:\Users\AlexQQ\Desktop\agrismart-web-v1_1\Agrismart-main\AgriSmart.Infrastructure\Repositories\Query\CropProductionQueryRepository.cs(53,43): warning CS8602: Dereference of a possibly null reference. [C:\Users\AlexQQ\Desktop\agrismart-web-v1_1\Agrismart-main\AgriSmart.Infrastructure\AgriSmart.Infrastructure.csproj]
C:\Users\AlexQQ\Desktop\agrismart-web-v1_1\Agrismart-main\AgriSmart.Infrastructure\Repositories\Query\CropProductionQueryRepository.cs(54,44): warning CS8602: Dereference of a possibly null reference. [C:\Users\AlexQQ\Desktop\agrismart-web-v1_1\Agrismart-main\AgriSmart.Infrastructure\AgriSmart.Infrastructure.csproj]
C:\Users\AlexQQ\Desktop\agrismart-web-v1_1\Agrismart-main\AgriSmart.Infrastructure\Repositories\Query\CropProductionQueryRepository.cs(55,56): warning CS8602: Dereference of a possibly null reference. [C:\Users\AlexQQ\Desktop\agrismart-web-v1_1\Agrismart-main\AgriSmart.Infrastructure\AgriSmart.Infrastructure.csproj]
C:\Users\AlexQQ\Desktop\agrismart-web-v1_1\Agrismart-main\AgriSmart.Infrastructure\Repositories\Query\CropProductionQueryRepository.cs(56,62): warning CS8602: Dereference of a possibly null reference. [C:\Users\AlexQQ\Desktop\agrismart-web-v1_1\Agrismart-main\AgriSmart.Infrastructure\AgriSmart.Infrastructure.csproj]
C:\Users\AlexQQ\Desktop\agrismart-web-v1_1\Agrismart-main\AgriSmart.Infrastructure\Repositories\Query\CropProductionQueryRepository.cs(57,58): warning CS8602: Dereference of a possibly null reference. [C:\Users\AlexQQ\Desktop\agrismart-web-v1_1\Agrismart-main\AgriSmart.Infrastructure\AgriSmart.Infrastructure.csproj]
C:\Users\AlexQQ\Desktop\agrismart-web-v1_1\Agrismart-main\AgriSmart.Infrastructure\Repositories\Query\CropProductionQueryRepository.cs(58,56): warning CS8602: Dereference of a possibly null reference. [C:\Users\AlexQQ\Desktop\agrismart-web-v1_1\Agrismart-main\AgriSmart.Infrastructure\AgriSmart.Infrastructure.csproj]
C:\Users\AlexQQ\Desktop\agrismart-web-v1_1\Agrismart-main\AgriSmart.Infrastructure\Repositories\Query\CropProductionQueryRepository.cs(59,66): warning CS8602: Dereference of a possibly null reference. [C:\Users\AlexQQ\Desktop\agrismart-web-v1_1\Agrismart-main\AgriSmart.Infrastructure\AgriSmart.Infrastructure.csproj]
C:\Users\AlexQQ\Desktop\agrismart-web-v1_1\Agrismart-main\AgriSmart.Infrastructure\Repositories\Query\CropProductionQueryRepository.cs(60,64): warning CS8602: Dereference of a possibly null reference. [C:\Users\AlexQQ\Desktop\agrismart-web-v1_1\Agrismart-main\AgriSmart.Infrastructure\AgriSmart.Infrastructure.csproj]
C:\Users\AlexQQ\Desktop\agrismart-web-v1_1\Agrismart-main\AgriSmart.Infrastructure\Repositories\Query\CropProductionQueryRepository.cs(61,47): warning CS8602: Dereference of a possibly null reference. [C:\Users\AlexQQ\Desktop\agrismart-web-v1_1\Agrismart-main\AgriSmart.Infrastructure\AgriSmart.Infrastructure.csproj]
C:\Users\AlexQQ\Desktop\agrismart-web-v1_1\Agrismart-main\AgriSmart.Infrastructure\Repositories\Query\CropProductionQueryRepository.cs(62,45): warning CS8602: Dereference of a possibly null reference. [C:\Users\AlexQQ\Desktop\agrismart-web-v1_1\Agrismart-main\AgriSmart.Infrastructure\AgriSmart.Infrastructure.csproj]
C:\Users\AlexQQ\Desktop\agrismart-web-v1_1\Agrismart-main\AgriSmart.Infrastructure\Repositories\Query\CropProductionQueryRepository.cs(63,46): warning CS8602: Dereference of a possibly null reference. [C:\Users\AlexQQ\Desktop\agrismart-web-v1_1\Agrismart-main\AgriSmart.Infrastructure\AgriSmart.Infrastructure.csproj]
C:\Users\AlexQQ\Desktop\agrismart-web-v1_1\Agrismart-main\AgriSmart.Infrastructure\Repositories\Query\CropProductionQueryRepository.cs(64,46): warning CS8602: Dereference of a possibly null reference. [C:\Users\AlexQQ\Desktop\agrismart-web-v1_1\Agrismart-main\AgriSmart.Infrastructure\AgriSmart.Infrastructure.csproj]
C:\Users\AlexQQ\Desktop\agrismart-web-v1_1\Agrismart-main\AgriSmart.Infrastructure\Repositories\Query\CropProductionQueryRepository.cs(65,47): warning CS8602: Dereference of a possibly null reference. [C:\Users\AlexQQ\Desktop\agrismart-web-v1_1\Agrismart-main\AgriSmart.Infrastructure\AgriSmart.Infrastructure.csproj]
C:\Users\AlexQQ\Desktop\agrismart-web-v1_1\Agrismart-main\AgriSmart.Infrastructure\Repositories\Query\CropProductionQueryRepository.cs(66,57): warning CS8602: Dereference of a possibly null reference. [C:\Users\AlexQQ\Desktop\agrismart-web-v1_1\Agrismart-main\AgriSmart.Infrastructure\AgriSmart.Infrastructure.csproj]
C:\Users\AlexQQ\Desktop\agrismart-web-v1_1\Agrismart-main\AgriSmart.Infrastructure\Repositories\Query\CropProductionQueryRepository.cs(67,52): warning CS8602: Dereference of a possibly null reference. [C:\Users\AlexQQ\Desktop\agrismart-web-v1_1\Agrismart-main\AgriSmart.Infrastructure\AgriSmart.Infrastructure.csproj]
C:\Users\AlexQQ\Desktop\agrismart-web-v1_1\Agrismart-main\AgriSmart.Infrastructure\Repositories\Query\CropProductionQueryRepository.cs(68,44): warning CS8602: Dereference of a possibly null reference. [C:\Users\AlexQQ\Desktop\agrismart-web-v1_1\Agrismart-main\AgriSmart.Infrastructure\AgriSmart.Infrastructure.csproj]
C:\Users\AlexQQ\Desktop\agrismart-web-v1_1\Agrismart-main\AgriSmart.Infrastructure\Repositories\Query\CropProductionQueryRepository.cs(69,47): warning CS8602: Dereference of a possibly null reference. [C:\Users\AlexQQ\Desktop\agrismart-web-v1_1\Agrismart-main\AgriSmart.Infrastructure\AgriSmart.Infrastructure.csproj]
C:\Users\AlexQQ\Desktop\agrismart-web-v1_1\Agrismart-main\AgriSmart.Infrastructure\Repositories\Query\CropProductionQueryRepository.cs(70,49): warning CS8602: Dereference of a possibly null reference. [C:\Users\AlexQQ\Desktop\agrismart-web-v1_1\Agrismart-main\AgriSmart.Infrastructure\AgriSmart.Infrastructure.csproj]
C:\Users\AlexQQ\Desktop\agrismart-web-v1_1\Agrismart-main\AgriSmart.Infrastructure\Repositories\Query\CropProductionQueryRepository.cs(71,47): warning CS8602: Dereference of a possibly null reference. [C:\Users\AlexQQ\Desktop\agrismart-web-v1_1\Agrismart-main\AgriSmart.Infrastructure\AgriSmart.Infrastructure.csproj]
C:\Users\AlexQQ\Desktop\agrismart-web-v1_1\Agrismart-main\AgriSmart.Infrastructure\Repositories\Query\CropProductionQueryRepository.cs(72,49): warning CS8602: Dereference of a possibly null reference. [C:\Users\AlexQQ\Desktop\agrismart-web-v1_1\Agrismart-main\AgriSmart.Infrastructure\AgriSmart.Infrastructure.csproj]
C:\Users\AlexQQ\Desktop\agrismart-web-v1_1\Agrismart-main\AgriSmart.Infrastructure\Repositories\Query\FarmQueryRepository.cs(41,53): warning CS8602: Dereference of a possibly null reference. [C:\Users\AlexQQ\Desktop\agrismart-web-v1_1\Agrismart-main\AgriSmart.Infrastructure\AgriSmart.Infrastructure.csproj]
C:\Users\AlexQQ\Desktop\agrismart-web-v1_1\Agrismart-main\AgriSmart.Infrastructure\Repositories\Query\FarmQueryRepository.cs(46,47): warning CS8602: Dereference of a possibly null reference. [C:\Users\AlexQQ\Desktop\agrismart-web-v1_1\Agrismart-main\AgriSmart.Infrastructure\AgriSmart.Infrastructure.csproj]
C:\Users\AlexQQ\Desktop\agrismart-web-v1_1\Agrismart-main\AgriSmart.Infrastructure\Repositories\Query\FarmQueryRepository.cs(47,42): warning CS8602: Dereference of a possibly null reference. [C:\Users\AlexQQ\Desktop\agrismart-web-v1_1\Agrismart-main\AgriSmart.Infrastructure\AgriSmart.Infrastructure.csproj]
C:\Users\AlexQQ\Desktop\agrismart-web-v1_1\Agrismart-main\AgriSmart.Infrastructure\Repositories\Query\FarmQueryRepository.cs(48,49): warning CS8602: Dereference of a possibly null reference. [C:\Users\AlexQQ\Desktop\agrismart-web-v1_1\Agrismart-main\AgriSmart.Infrastructure\AgriSmart.Infrastructure.csproj]
C:\Users\AlexQQ\Desktop\agrismart-web-v1_1\Agrismart-main\AgriSmart.Infrastructure\Repositories\Query\FarmQueryRepository.cs(49,48): warning CS8602: Dereference of a possibly null reference. [C:\Users\AlexQQ\Desktop\agrismart-web-v1_1\Agrismart-main\AgriSmart.Infrastructure\AgriSmart.Infrastructure.csproj]
C:\Users\AlexQQ\Desktop\agrismart-web-v1_1\Agrismart-main\AgriSmart.Infrastructure\Repositories\Query\FarmQueryRepository.cs(50,46): warning CS8602: Dereference of a possibly null reference. [C:\Users\AlexQQ\Desktop\agrismart-web-v1_1\Agrismart-main\AgriSmart.Infrastructure\AgriSmart.Infrastructure.csproj]
C:\Users\AlexQQ\Desktop\agrismart-web-v1_1\Agrismart-main\AgriSmart.Infrastructure\Repositories\Query\FarmQueryRepository.cs(51,45): warning CS8602: Dereference of a possibly null reference. [C:\Users\AlexQQ\Desktop\agrismart-web-v1_1\Agrismart-main\AgriSmart.Infrastructure\AgriSmart.Infrastructure.csproj]
C:\Users\AlexQQ\Desktop\agrismart-web-v1_1\Agrismart-main\AgriSmart.Infrastructure\Repositories\Query\FarmQueryRepository.cs(52,42): warning CS8602: Dereference of a possibly null reference. [C:\Users\AlexQQ\Desktop\agrismart-web-v1_1\Agrismart-main\AgriSmart.Infrastructure\AgriSmart.Infrastructure.csproj]
C:\Users\AlexQQ\Desktop\agrismart-web-v1_1\Agrismart-main\AgriSmart.Infrastructure\Repositories\Query\FarmQueryRepository.cs(53,46): warning CS8602: Dereference of a possibly null reference. [C:\Users\AlexQQ\Desktop\agrismart-web-v1_1\Agrismart-main\AgriSmart.Infrastructure\AgriSmart.Infrastructure.csproj]
C:\Users\AlexQQ\Desktop\agrismart-web-v1_1\Agrismart-main\AgriSmart.Infrastructure\Repositories\Query\FarmQueryRepository.cs(54,47): warning CS8602: Dereference of a possibly null reference. [C:\Users\AlexQQ\Desktop\agrismart-web-v1_1\Agrismart-main\AgriSmart.Infrastructure\AgriSmart.Infrastructure.csproj]
C:\Users\AlexQQ\Desktop\agrismart-web-v1_1\Agrismart-main\AgriSmart.Infrastructure\Repositories\Query\FarmQueryRepository.cs(55,45): warning CS8602: Dereference of a possibly null reference. [C:\Users\AlexQQ\Desktop\agrismart-web-v1_1\Agrismart-main\AgriSmart.Infrastructure\AgriSmart.Infrastructure.csproj]
C:\Users\AlexQQ\Desktop\agrismart-web-v1_1\Agrismart-main\AgriSmart.Infrastructure\Repositories\Query\FarmQueryRepository.cs(56,46): warning CS8602: Dereference of a possibly null reference. [C:\Users\AlexQQ\Desktop\agrismart-web-v1_1\Agrismart-main\AgriSmart.Infrastructure\AgriSmart.Infrastructure.csproj]
C:\Users\AlexQQ\Desktop\agrismart-web-v1_1\Agrismart-main\AgriSmart.Infrastructure\Repositories\Query\FarmQueryRepository.cs(57,44): warning CS8602: Dereference of a possibly null reference. [C:\Users\AlexQQ\Desktop\agrismart-web-v1_1\Agrismart-main\AgriSmart.Infrastructure\AgriSmart.Infrastructure.csproj]
C:\Users\AlexQQ\Desktop\agrismart-web-v1_1\Agrismart-main\AgriSmart.Infrastructure\Repositories\Query\FarmQueryRepository.cs(58,47): warning CS8602: Dereference of a possibly null reference. [C:\Users\AlexQQ\Desktop\agrismart-web-v1_1\Agrismart-main\AgriSmart.Infrastructure\AgriSmart.Infrastructure.csproj]
C:\Users\AlexQQ\Desktop\agrismart-web-v1_1\Agrismart-main\AgriSmart.Infrastructure\Repositories\Query\FarmQueryRepository.cs(59,49): warning CS8602: Dereference of a possibly null reference. [C:\Users\AlexQQ\Desktop\agrismart-web-v1_1\Agrismart-main\AgriSmart.Infrastructure\AgriSmart.Infrastructure.csproj]
C:\Users\AlexQQ\Desktop\agrismart-web-v1_1\Agrismart-main\AgriSmart.Infrastructure\Repositories\Query\FarmQueryRepository.cs(60,47): warning CS8602: Dereference of a possibly null reference. [C:\Users\AlexQQ\Desktop\agrismart-web-v1_1\Agrismart-main\AgriSmart.Infrastructure\AgriSmart.Infrastructure.csproj]
C:\Users\AlexQQ\Desktop\agrismart-web-v1_1\Agrismart-main\AgriSmart.Infrastructure\Repositories\Query\FarmQueryRepository.cs(61,49): warning CS8602: Dereference of a possibly null reference. [C:\Users\AlexQQ\Desktop\agrismart-web-v1_1\Agrismart-main\AgriSmart.Infrastructure\AgriSmart.Infrastructure.csproj]
C:\Users\AlexQQ\Desktop\agrismart-web-v1_1\Agrismart-main\AgriSmart.Infrastructure\Repositories\Query\FertilizerQueryRepository.cs(116,24): warning CS8603: Possible null reference return. [C:\Users\AlexQQ\Desktop\agrismart-web-v1_1\Agrismart-main\AgriSmart.Infrastructure\AgriSmart.Infrastructure.csproj]
C:\Users\AlexQQ\Desktop\agrismart-web-v1_1\Agrismart-main\AgriSmart.Infrastructure\Repositories\Query\FarmQueryRepository.cs(90,47): warning CS8602: Dereference of a possibly null reference. [C:\Users\AlexQQ\Desktop\agrismart-web-v1_1\Agrismart-main\AgriSmart.Infrastructure\AgriSmart.Infrastructure.csproj]
C:\Users\AlexQQ\Desktop\agrismart-web-v1_1\Agrismart-main\AgriSmart.Infrastructure\Repositories\Query\FarmQueryRepository.cs(91,42): warning CS8602: Dereference of a possibly null reference. [C:\Users\AlexQQ\Desktop\agrismart-web-v1_1\Agrismart-main\AgriSmart.Infrastructure\AgriSmart.Infrastructure.csproj]
C:\Users\AlexQQ\Desktop\agrismart-web-v1_1\Agrismart-main\AgriSmart.Infrastructure\Repositories\Query\FarmQueryRepository.cs(92,49): warning CS8602: Dereference of a possibly null reference. [C:\Users\AlexQQ\Desktop\agrismart-web-v1_1\Agrismart-main\AgriSmart.Infrastructure\AgriSmart.Infrastructure.csproj]
C:\Users\AlexQQ\Desktop\agrismart-web-v1_1\Agrismart-main\AgriSmart.Infrastructure\Repositories\Query\FarmQueryRepository.cs(93,48): warning CS8602: Dereference of a possibly null reference. [C:\Users\AlexQQ\Desktop\agrismart-web-v1_1\Agrismart-main\AgriSmart.Infrastructure\AgriSmart.Infrastructure.csproj]
C:\Users\AlexQQ\Desktop\agrismart-web-v1_1\Agrismart-main\AgriSmart.Infrastructure\Repositories\Query\FarmQueryRepository.cs(94,46): warning CS8602: Dereference of a possibly null reference. [C:\Users\AlexQQ\Desktop\agrismart-web-v1_1\Agrismart-main\AgriSmart.Infrastructure\AgriSmart.Infrastructure.csproj]
C:\Users\AlexQQ\Desktop\agrismart-web-v1_1\Agrismart-main\AgriSmart.Infrastructure\Repositories\Query\FarmQueryRepository.cs(95,45): warning CS8602: Dereference of a possibly null reference. [C:\Users\AlexQQ\Desktop\agrismart-web-v1_1\Agrismart-main\AgriSmart.Infrastructure\AgriSmart.Infrastructure.csproj]
C:\Users\AlexQQ\Desktop\agrismart-web-v1_1\Agrismart-main\AgriSmart.Infrastructure\Repositories\Query\FarmQueryRepository.cs(96,42): warning CS8602: Dereference of a possibly null reference. [C:\Users\AlexQQ\Desktop\agrismart-web-v1_1\Agrismart-main\AgriSmart.Infrastructure\AgriSmart.Infrastructure.csproj]
C:\Users\AlexQQ\Desktop\agrismart-web-v1_1\Agrismart-main\AgriSmart.Infrastructure\Repositories\Query\FarmQueryRepository.cs(97,46): warning CS8602: Dereference of a possibly null reference. [C:\Users\AlexQQ\Desktop\agrismart-web-v1_1\Agrismart-main\AgriSmart.Infrastructure\AgriSmart.Infrastructure.csproj]
C:\Users\AlexQQ\Desktop\agrismart-web-v1_1\Agrismart-main\AgriSmart.Infrastructure\Repositories\Query\FarmQueryRepository.cs(98,47): warning CS8602: Dereference of a possibly null reference. [C:\Users\AlexQQ\Desktop\agrismart-web-v1_1\Agrismart-main\AgriSmart.Infrastructure\AgriSmart.Infrastructure.csproj]
C:\Users\AlexQQ\Desktop\agrismart-web-v1_1\Agrismart-main\AgriSmart.Infrastructure\Repositories\Query\FarmQueryRepository.cs(99,45): warning CS8602: Dereference of a possibly null reference. [C:\Users\AlexQQ\Desktop\agrismart-web-v1_1\Agrismart-main\AgriSmart.Infrastructure\AgriSmart.Infrastructure.csproj]
C:\Users\AlexQQ\Desktop\agrismart-web-v1_1\Agrismart-main\AgriSmart.Infrastructure\Repositories\Query\FarmQueryRepository.cs(100,46): warning CS8602: Dereference of a possibly null reference. [C:\Users\AlexQQ\Desktop\agrismart-web-v1_1\Agrismart-main\AgriSmart.Infrastructure\AgriSmart.Infrastructure.csproj]
C:\Users\AlexQQ\Desktop\agrismart-web-v1_1\Agrismart-main\AgriSmart.Infrastructure\Repositories\Query\FarmQueryRepository.cs(101,44): warning CS8602: Dereference of a possibly null reference. [C:\Users\AlexQQ\Desktop\agrismart-web-v1_1\Agrismart-main\AgriSmart.Infrastructure\AgriSmart.Infrastructure.csproj]
C:\Users\AlexQQ\Desktop\agrismart-web-v1_1\Agrismart-main\AgriSmart.Infrastructure\Repositories\Query\FarmQueryRepository.cs(102,47): warning CS8602: Dereference of a possibly null reference. [C:\Users\AlexQQ\Desktop\agrismart-web-v1_1\Agrismart-main\AgriSmart.Infrastructure\AgriSmart.Infrastructure.csproj]
C:\Users\AlexQQ\Desktop\agrismart-web-v1_1\Agrismart-main\AgriSmart.Infrastructure\Repositories\Query\FarmQueryRepository.cs(103,49): warning CS8602: Dereference of a possibly null reference. [C:\Users\AlexQQ\Desktop\agrismart-web-v1_1\Agrismart-main\AgriSmart.Infrastructure\AgriSmart.Infrastructure.csproj]
C:\Users\AlexQQ\Desktop\agrismart-web-v1_1\Agrismart-main\AgriSmart.Infrastructure\Repositories\Query\FarmQueryRepository.cs(104,47): warning CS8602: Dereference of a possibly null reference. [C:\Users\AlexQQ\Desktop\agrismart-web-v1_1\Agrismart-main\AgriSmart.Infrastructure\AgriSmart.Infrastructure.csproj]
C:\Users\AlexQQ\Desktop\agrismart-web-v1_1\Agrismart-main\AgriSmart.Infrastructure\Repositories\Query\FarmQueryRepository.cs(105,49): warning CS8602: Dereference of a possibly null reference. [C:\Users\AlexQQ\Desktop\agrismart-web-v1_1\Agrismart-main\AgriSmart.Infrastructure\AgriSmart.Infrastructure.csproj]
C:\Users\AlexQQ\Desktop\agrismart-web-v1_1\Agrismart-main\AgriSmart.Infrastructure\Repositories\Query\IrrigationPlanEntryHistoryQueryRepository.cs(38,24): warning CS8603: Possible null reference return. [C:\Users\AlexQQ\Desktop\agrismart-web-v1_1\Agrismart-main\AgriSmart.Infrastructure\AgriSmart.Infrastructure.csproj]
C:\Users\AlexQQ\Desktop\agrismart-web-v1_1\Agrismart-main\AgriSmart.Infrastructure\Repositories\Query\CropProductionQueryRepository.cs(103,44): warning CS8602: Dereference of a possibly null reference. [C:\Users\AlexQQ\Desktop\agrismart-web-v1_1\Agrismart-main\AgriSmart.Infrastructure\AgriSmart.Infrastructure.csproj]
C:\Users\AlexQQ\Desktop\agrismart-web-v1_1\Agrismart-main\AgriSmart.Infrastructure\Repositories\Query\CropProductionQueryRepository.cs(104,54): warning CS8602: Dereference of a possibly null reference. [C:\Users\AlexQQ\Desktop\agrismart-web-v1_1\Agrismart-main\AgriSmart.Infrastructure\AgriSmart.Infrastructure.csproj]
C:\Users\AlexQQ\Desktop\agrismart-web-v1_1\Agrismart-main\AgriSmart.Infrastructure\Repositories\Query\CropProductionQueryRepository.cs(105,42): warning CS8602: Dereference of a possibly null reference. [C:\Users\AlexQQ\Desktop\agrismart-web-v1_1\Agrismart-main\AgriSmart.Infrastructure\AgriSmart.Infrastructure.csproj]
C:\Users\AlexQQ\Desktop\agrismart-web-v1_1\Agrismart-main\AgriSmart.Infrastructure\Repositories\Query\CropProductionQueryRepository.cs(106,49): warning CS8602: Dereference of a possibly null reference. [C:\Users\AlexQQ\Desktop\agrismart-web-v1_1\Agrismart-main\AgriSmart.Infrastructure\AgriSmart.Infrastructure.csproj]
C:\Users\AlexQQ\Desktop\agrismart-web-v1_1\Agrismart-main\AgriSmart.Infrastructure\Repositories\Query\CropProductionQueryRepository.cs(107,53): warning CS8602: Dereference of a possibly null reference. [C:\Users\AlexQQ\Desktop\agrismart-web-v1_1\Agrismart-main\AgriSmart.Infrastructure\AgriSmart.Infrastructure.csproj]
C:\Users\AlexQQ\Desktop\agrismart-web-v1_1\Agrismart-main\AgriSmart.Infrastructure\Repositories\Query\CropProductionQueryRepository.cs(108,43): warning CS8602: Dereference of a possibly null reference. [C:\Users\AlexQQ\Desktop\agrismart-web-v1_1\Agrismart-main\AgriSmart.Infrastructure\AgriSmart.Infrastructure.csproj]
C:\Users\AlexQQ\Desktop\agrismart-web-v1_1\Agrismart-main\AgriSmart.Infrastructure\Repositories\Query\CropProductionQueryRepository.cs(109,44): warning CS8602: Dereference of a possibly null reference. [C:\Users\AlexQQ\Desktop\agrismart-web-v1_1\Agrismart-main\AgriSmart.Infrastructure\AgriSmart.Infrastructure.csproj]
C:\Users\AlexQQ\Desktop\agrismart-web-v1_1\Agrismart-main\AgriSmart.Infrastructure\Repositories\Query\CropProductionQueryRepository.cs(110,56): warning CS8602: Dereference of a possibly null reference. [C:\Users\AlexQQ\Desktop\agrismart-web-v1_1\Agrismart-main\AgriSmart.Infrastructure\AgriSmart.Infrastructure.csproj]
C:\Users\AlexQQ\Desktop\agrismart-web-v1_1\Agrismart-main\AgriSmart.Infrastructure\Repositories\Query\CropProductionQueryRepository.cs(111,62): warning CS8602: Dereference of a possibly null reference. [C:\Users\AlexQQ\Desktop\agrismart-web-v1_1\Agrismart-main\AgriSmart.Infrastructure\AgriSmart.Infrastructure.csproj]
C:\Users\AlexQQ\Desktop\agrismart-web-v1_1\Agrismart-main\AgriSmart.Infrastructure\Repositories\Query\CropProductionQueryRepository.cs(112,58): warning CS8602: Dereference of a possibly null reference. [C:\Users\AlexQQ\Desktop\agrismart-web-v1_1\Agrismart-main\AgriSmart.Infrastructure\AgriSmart.Infrastructure.csproj]
C:\Users\AlexQQ\Desktop\agrismart-web-v1_1\Agrismart-main\AgriSmart.Infrastructure\Repositories\Query\CropProductionQueryRepository.cs(113,56): warning CS8602: Dereference of a possibly null reference. [C:\Users\AlexQQ\Desktop\agrismart-web-v1_1\Agrismart-main\AgriSmart.Infrastructure\AgriSmart.Infrastructure.csproj]
C:\Users\AlexQQ\Desktop\agrismart-web-v1_1\Agrismart-main\AgriSmart.Infrastructure\Repositories\Query\CropProductionQueryRepository.cs(114,47): warning CS8602: Dereference of a possibly null reference. [C:\Users\AlexQQ\Desktop\agrismart-web-v1_1\Agrismart-main\AgriSmart.Infrastructure\AgriSmart.Infrastructure.csproj]
C:\Users\AlexQQ\Desktop\agrismart-web-v1_1\Agrismart-main\AgriSmart.Infrastructure\Repositories\Query\CropProductionQueryRepository.cs(115,45): warning CS8602: Dereference of a possibly null reference. [C:\Users\AlexQQ\Desktop\agrismart-web-v1_1\Agrismart-main\AgriSmart.Infrastructure\AgriSmart.Infrastructure.csproj]
C:\Users\AlexQQ\Desktop\agrismart-web-v1_1\Agrismart-main\AgriSmart.Infrastructure\Repositories\Query\CropProductionQueryRepository.cs(116,64): warning CS8602: Dereference of a possibly null reference. [C:\Users\AlexQQ\Desktop\agrismart-web-v1_1\Agrismart-main\AgriSmart.Infrastructure\AgriSmart.Infrastructure.csproj]
C:\Users\AlexQQ\Desktop\agrismart-web-v1_1\Agrismart-main\AgriSmart.Infrastructure\Repositories\Query\CropProductionQueryRepository.cs(117,46): warning CS8602: Dereference of a possibly null reference. [C:\Users\AlexQQ\Desktop\agrismart-web-v1_1\Agrismart-main\AgriSmart.Infrastructure\AgriSmart.Infrastructure.csproj]
C:\Users\AlexQQ\Desktop\agrismart-web-v1_1\Agrismart-main\AgriSmart.Infrastructure\Repositories\Query\CropProductionQueryRepository.cs(118,46): warning CS8602: Dereference of a possibly null reference. [C:\Users\AlexQQ\Desktop\agrismart-web-v1_1\Agrismart-main\AgriSmart.Infrastructure\AgriSmart.Infrastructure.csproj]
C:\Users\AlexQQ\Desktop\agrismart-web-v1_1\Agrismart-main\AgriSmart.Infrastructure\Repositories\Query\CropProductionQueryRepository.cs(119,47): warning CS8602: Dereference of a possibly null reference. [C:\Users\AlexQQ\Desktop\agrismart-web-v1_1\Agrismart-main\AgriSmart.Infrastructure\AgriSmart.Infrastructure.csproj]
C:\Users\AlexQQ\Desktop\agrismart-web-v1_1\Agrismart-main\AgriSmart.Infrastructure\Repositories\Query\CropProductionQueryRepository.cs(120,44): warning CS8602: Dereference of a possibly null reference. [C:\Users\AlexQQ\Desktop\agrismart-web-v1_1\Agrismart-main\AgriSmart.Infrastructure\AgriSmart.Infrastructure.csproj]
C:\Users\AlexQQ\Desktop\agrismart-web-v1_1\Agrismart-main\AgriSmart.Infrastructure\Repositories\Query\CropProductionQueryRepository.cs(121,47): warning CS8602: Dereference of a possibly null reference. [C:\Users\AlexQQ\Desktop\agrismart-web-v1_1\Agrismart-main\AgriSmart.Infrastructure\AgriSmart.Infrastructure.csproj]
C:\Users\AlexQQ\Desktop\agrismart-web-v1_1\Agrismart-main\AgriSmart.Infrastructure\Repositories\Query\CropProductionQueryRepository.cs(122,49): warning CS8602: Dereference of a possibly null reference. [C:\Users\AlexQQ\Desktop\agrismart-web-v1_1\Agrismart-main\AgriSmart.Infrastructure\AgriSmart.Infrastructure.csproj]
C:\Users\AlexQQ\Desktop\agrismart-web-v1_1\Agrismart-main\AgriSmart.Infrastructure\Repositories\Query\CropProductionQueryRepository.cs(123,47): warning CS8602: Dereference of a possibly null reference. [C:\Users\AlexQQ\Desktop\agrismart-web-v1_1\Agrismart-main\AgriSmart.Infrastructure\AgriSmart.Infrastructure.csproj]
C:\Users\AlexQQ\Desktop\agrismart-web-v1_1\Agrismart-main\AgriSmart.Infrastructure\Repositories\Query\CropProductionQueryRepository.cs(124,49): warning CS8602: Dereference of a possibly null reference. [C:\Users\AlexQQ\Desktop\agrismart-web-v1_1\Agrismart-main\AgriSmart.Infrastructure\AgriSmart.Infrastructure.csproj]
C:\Users\AlexQQ\Desktop\agrismart-web-v1_1\Agrismart-main\AgriSmart.Infrastructure\Repositories\Query\MeasurementKPIQueryRepository.cs(44,24): warning CS8603: Possible null reference return. [C:\Users\AlexQQ\Desktop\agrismart-web-v1_1\Agrismart-main\AgriSmart.Infrastructure\AgriSmart.Infrastructure.csproj]
C:\Users\AlexQQ\Desktop\agrismart-web-v1_1\Agrismart-main\AgriSmart.Infrastructure\Repositories\Query\TimeZoneQueryRepository.cs(40,24): warning CS8603: Possible null reference return. [C:\Users\AlexQQ\Desktop\agrismart-web-v1_1\Agrismart-main\AgriSmart.Infrastructure\AgriSmart.Infrastructure.csproj]
C:\Users\AlexQQ\Desktop\agrismart-web-v1_1\Agrismart-main\AgriSmart.Infrastructure\Repositories\Query\IrrigationRequestsQueryRepository.cs(47,54): warning CS8602: Dereference of a possibly null reference. [C:\Users\AlexQQ\Desktop\agrismart-web-v1_1\Agrismart-main\AgriSmart.Infrastructure\AgriSmart.Infrastructure.csproj]
C:\Users\AlexQQ\Desktop\agrismart-web-v1_1\Agrismart-main\AgriSmart.Infrastructure\Repositories\Query\IrrigationRequestsQueryRepository.cs(48,46): warning CS8602: Dereference of a possibly null reference. [C:\Users\AlexQQ\Desktop\agrismart-web-v1_1\Agrismart-main\AgriSmart.Infrastructure\AgriSmart.Infrastructure.csproj]
C:\Users\AlexQQ\Desktop\agrismart-web-v1_1\Agrismart-main\AgriSmart.Infrastructure\Repositories\Query\IrrigationRequestsQueryRepository.cs(49,52): warning CS8602: Dereference of a possibly null reference. [C:\Users\AlexQQ\Desktop\agrismart-web-v1_1\Agrismart-main\AgriSmart.Infrastructure\AgriSmart.Infrastructure.csproj]
C:\Users\AlexQQ\Desktop\agrismart-web-v1_1\Agrismart-main\AgriSmart.Infrastructure\Repositories\Query\IrrigationRequestsQueryRepository.cs(50,49): warning CS8602: Dereference of a possibly null reference. [C:\Users\AlexQQ\Desktop\agrismart-web-v1_1\Agrismart-main\AgriSmart.Infrastructure\AgriSmart.Infrastructure.csproj]
C:\Users\AlexQQ\Desktop\agrismart-web-v1_1\Agrismart-main\AgriSmart.Infrastructure\Repositories\Query\IrrigationRequestsQueryRepository.cs(51,47): warning CS8602: Dereference of a possibly null reference. [C:\Users\AlexQQ\Desktop\agrismart-web-v1_1\Agrismart-main\AgriSmart.Infrastructure\AgriSmart.Infrastructure.csproj]
C:\Users\AlexQQ\Desktop\agrismart-web-v1_1\Agrismart-main\AgriSmart.Infrastructure\Repositories\Query\MeasurementVariablesQueryRepository.cs(59,24): warning CS8603: Possible null reference return. [C:\Users\AlexQQ\Desktop\agrismart-web-v1_1\Agrismart-main\AgriSmart.Infrastructure\AgriSmart.Infrastructure.csproj]
C:\Users\AlexQQ\Desktop\agrismart-web-v1_1\Agrismart-main\AgriSmart.Infrastructure\Repositories\Query\ProductionUnitQueryRepository.cs(44,58): warning CS8602: Dereference of a possibly null reference. [C:\Users\AlexQQ\Desktop\agrismart-web-v1_1\Agrismart-main\AgriSmart.Infrastructure\AgriSmart.Infrastructure.csproj]
C:\Users\AlexQQ\Desktop\agrismart-web-v1_1\Agrismart-main\AgriSmart.Infrastructure\Repositories\Query\ProductionUnitQueryRepository.cs(45,44): warning CS8602: Dereference of a possibly null reference. [C:\Users\AlexQQ\Desktop\agrismart-web-v1_1\Agrismart-main\AgriSmart.Infrastructure\AgriSmart.Infrastructure.csproj]
C:\Users\AlexQQ\Desktop\agrismart-web-v1_1\Agrismart-main\AgriSmart.Infrastructure\Repositories\Query\ProductionUnitQueryRepository.cs(46,42): warning CS8602: Dereference of a possibly null reference. [C:\Users\AlexQQ\Desktop\agrismart-web-v1_1\Agrismart-main\AgriSmart.Infrastructure\AgriSmart.Infrastructure.csproj]
C:\Users\AlexQQ\Desktop\agrismart-web-v1_1\Agrismart-main\AgriSmart.Infrastructure\Repositories\Query\ProductionUnitQueryRepository.cs(47,49): warning CS8602: Dereference of a possibly null reference. [C:\Users\AlexQQ\Desktop\agrismart-web-v1_1\Agrismart-main\AgriSmart.Infrastructure\AgriSmart.Infrastructure.csproj]
C:\Users\AlexQQ\Desktop\agrismart-web-v1_1\Agrismart-main\AgriSmart.Infrastructure\Repositories\Query\ProductionUnitQueryRepository.cs(48,44): warning CS8602: Dereference of a possibly null reference. [C:\Users\AlexQQ\Desktop\agrismart-web-v1_1\Agrismart-main\AgriSmart.Infrastructure\AgriSmart.Infrastructure.csproj]
C:\Users\AlexQQ\Desktop\agrismart-web-v1_1\Agrismart-main\AgriSmart.Infrastructure\Repositories\Query\ProductionUnitQueryRepository.cs(49,47): warning CS8602: Dereference of a possibly null reference. [C:\Users\AlexQQ\Desktop\agrismart-web-v1_1\Agrismart-main\AgriSmart.Infrastructure\AgriSmart.Infrastructure.csproj]
C:\Users\AlexQQ\Desktop\agrismart-web-v1_1\Agrismart-main\AgriSmart.Infrastructure\Repositories\Query\ProductionUnitQueryRepository.cs(50,49): warning CS8602: Dereference of a possibly null reference. [C:\Users\AlexQQ\Desktop\agrismart-web-v1_1\Agrismart-main\AgriSmart.Infrastructure\AgriSmart.Infrastructure.csproj]
C:\Users\AlexQQ\Desktop\agrismart-web-v1_1\Agrismart-main\AgriSmart.Infrastructure\Repositories\Query\ProductionUnitQueryRepository.cs(51,47): warning CS8602: Dereference of a possibly null reference. [C:\Users\AlexQQ\Desktop\agrismart-web-v1_1\Agrismart-main\AgriSmart.Infrastructure\AgriSmart.Infrastructure.csproj]
C:\Users\AlexQQ\Desktop\agrismart-web-v1_1\Agrismart-main\AgriSmart.Infrastructure\Repositories\Query\ProductionUnitQueryRepository.cs(52,49): warning CS8602: Dereference of a possibly null reference. [C:\Users\AlexQQ\Desktop\agrismart-web-v1_1\Agrismart-main\AgriSmart.Infrastructure\AgriSmart.Infrastructure.csproj]
C:\Users\AlexQQ\Desktop\agrismart-web-v1_1\Agrismart-main\AgriSmart.Infrastructure\Repositories\Query\ProductionUnitQueryRepository.cs(82,58): warning CS8602: Dereference of a possibly null reference. [C:\Users\AlexQQ\Desktop\agrismart-web-v1_1\Agrismart-main\AgriSmart.Infrastructure\AgriSmart.Infrastructure.csproj]
C:\Users\AlexQQ\Desktop\agrismart-web-v1_1\Agrismart-main\AgriSmart.Infrastructure\Repositories\Query\ProductionUnitQueryRepository.cs(83,44): warning CS8602: Dereference of a possibly null reference. [C:\Users\AlexQQ\Desktop\agrismart-web-v1_1\Agrismart-main\AgriSmart.Infrastructure\AgriSmart.Infrastructure.csproj]
C:\Users\AlexQQ\Desktop\agrismart-web-v1_1\Agrismart-main\AgriSmart.Infrastructure\Repositories\Query\ProductionUnitQueryRepository.cs(84,42): warning CS8602: Dereference of a possibly null reference. [C:\Users\AlexQQ\Desktop\agrismart-web-v1_1\Agrismart-main\AgriSmart.Infrastructure\AgriSmart.Infrastructure.csproj]
C:\Users\AlexQQ\Desktop\agrismart-web-v1_1\Agrismart-main\AgriSmart.Infrastructure\Repositories\Query\ProductionUnitQueryRepository.cs(85,49): warning CS8602: Dereference of a possibly null reference. [C:\Users\AlexQQ\Desktop\agrismart-web-v1_1\Agrismart-main\AgriSmart.Infrastructure\AgriSmart.Infrastructure.csproj]
C:\Users\AlexQQ\Desktop\agrismart-web-v1_1\Agrismart-main\AgriSmart.Infrastructure\Repositories\Query\ProductionUnitQueryRepository.cs(86,44): warning CS8602: Dereference of a possibly null reference. [C:\Users\AlexQQ\Desktop\agrismart-web-v1_1\Agrismart-main\AgriSmart.Infrastructure\AgriSmart.Infrastructure.csproj]
C:\Users\AlexQQ\Desktop\agrismart-web-v1_1\Agrismart-main\AgriSmart.Infrastructure\Repositories\Query\ProductionUnitQueryRepository.cs(87,47): warning CS8602: Dereference of a possibly null reference. [C:\Users\AlexQQ\Desktop\agrismart-web-v1_1\Agrismart-main\AgriSmart.Infrastructure\AgriSmart.Infrastructure.csproj]
C:\Users\AlexQQ\Desktop\agrismart-web-v1_1\Agrismart-main\AgriSmart.Infrastructure\Repositories\Query\ProductionUnitQueryRepository.cs(88,49): warning CS8602: Dereference of a possibly null reference. [C:\Users\AlexQQ\Desktop\agrismart-web-v1_1\Agrismart-main\AgriSmart.Infrastructure\AgriSmart.Infrastructure.csproj]
C:\Users\AlexQQ\Desktop\agrismart-web-v1_1\Agrismart-main\AgriSmart.Infrastructure\Repositories\Query\ProductionUnitQueryRepository.cs(89,47): warning CS8602: Dereference of a possibly null reference. [C:\Users\AlexQQ\Desktop\agrismart-web-v1_1\Agrismart-main\AgriSmart.Infrastructure\AgriSmart.Infrastructure.csproj]
C:\Users\AlexQQ\Desktop\agrismart-web-v1_1\Agrismart-main\AgriSmart.Infrastructure\Repositories\Query\ProductionUnitQueryRepository.cs(90,49): warning CS8602: Dereference of a possibly null reference. [C:\Users\AlexQQ\Desktop\agrismart-web-v1_1\Agrismart-main\AgriSmart.Infrastructure\AgriSmart.Infrastructure.csproj]

Build FAILED.

C:\Users\AlexQQ\Desktop\agrismart-web-v1_1\Agrismart-main\AgriSmart.Infrastructure\Repositories\Command\BaseCommandRepository.cs(41,30): warning CS8602: Dereference of a possibly null reference. [C:\Users\AlexQQ\Desktop\agrismart-web-v1_1\Agrismart-main\AgriSmart.Infrastructure\AgriSmart.Infrastructure.csproj]
C:\Users\AlexQQ\Desktop\agrismart-web-v1_1\Agrismart-main\AgriSmart.Infrastructure\Repositories\Command\BaseCommandRepository.cs(46,30): warning CS8602: Dereference of a possibly null reference. [C:\Users\AlexQQ\Desktop\agrismart-web-v1_1\Agrismart-main\AgriSmart.Infrastructure\AgriSmart.Infrastructure.csproj]
C:\Users\AlexQQ\Desktop\agrismart-web-v1_1\Agrismart-main\AgriSmart.Infrastructure\Repositories\Command\BaseCommandRepository.cs(51,30): warning CS8602: Dereference of a possibly null reference. [C:\Users\AlexQQ\Desktop\agrismart-web-v1_1\Agrismart-main\AgriSmart.Infrastructure\AgriSmart.Infrastructure.csproj]
C:\Users\AlexQQ\Desktop\agrismart-web-v1_1\Agrismart-main\AgriSmart.Infrastructure\Repositories\Command\IrrigationEventCommandRepository.cs(24,17): warning CS4014: Because this call is not awaited, execution of the current method continues before the call is completed. Consider applying the 'await' operator to the result of the call. [C:\Users\AlexQQ\Desktop\agrismart-web-v1_1\Agrismart-main\AgriSmart.Infrastructure\AgriSmart.Infrastructure.csproj]
C:\Users\AlexQQ\Desktop\agrismart-web-v1_1\Agrismart-main\AgriSmart.Infrastructure\Repositories\Command\IrrigationEventCommandRepository.cs(27,17): warning CS4014: Because this call is not awaited, execution of the current method continues before the call is completed. Consider applying the 'await' operator to the result of the call. [C:\Users\AlexQQ\Desktop\agrismart-web-v1_1\Agrismart-main\AgriSmart.Infrastructure\AgriSmart.Infrastructure.csproj]
C:\Users\AlexQQ\Desktop\agrismart-web-v1_1\Agrismart-main\AgriSmart.Infrastructure\Repositories\Command\IrrigationEventCommandRepository.cs(35,30): warning CS0168: The variable 'ex' is declared but never used [C:\Users\AlexQQ\Desktop\agrismart-web-v1_1\Agrismart-main\AgriSmart.Infrastructure\AgriSmart.Infrastructure.csproj]
C:\Users\AlexQQ\Desktop\agrismart-web-v1_1\Agrismart-main\AgriSmart.Infrastructure\Repositories\Command\IrrigationEventCommandRepository.cs(18,48): warning CS1998: This async method lacks 'await' operators and will run synchronously. Consider using the 'await' operator to await non-blocking API calls, or 'await Task.Run(...)' to do CPU-bound work on a background thread. [C:\Users\AlexQQ\Desktop\agrismart-web-v1_1\Agrismart-main\AgriSmart.Infrastructure\AgriSmart.Infrastructure.csproj]
C:\Users\AlexQQ\Desktop\agrismart-web-v1_1\Agrismart-main\AgriSmart.Infrastructure\Repositories\Command\IrrigationModeRepository.cs(66,20): warning CS8603: Possible null reference return. [C:\Users\AlexQQ\Desktop\agrismart-web-v1_1\Agrismart-main\AgriSmart.Infrastructure\AgriSmart.Infrastructure.csproj]
C:\Users\AlexQQ\Desktop\agrismart-web-v1_1\Agrismart-main\AgriSmart.Infrastructure\Repositories\Query\WaterQueryRepository.cs(57,24): warning CS8603: Possible null reference return. [C:\Users\AlexQQ\Desktop\agrismart-web-v1_1\Agrismart-main\AgriSmart.Infrastructure\AgriSmart.Infrastructure.csproj]
C:\Users\AlexQQ\Desktop\agrismart-web-v1_1\Agrismart-main\AgriSmart.Infrastructure\Repositories\Command\IrrigationPlanEntryRepository.cs(69,20): warning CS8603: Possible null reference return. [C:\Users\AlexQQ\Desktop\agrismart-web-v1_1\Agrismart-main\AgriSmart.Infrastructure\AgriSmart.Infrastructure.csproj]
C:\Users\AlexQQ\Desktop\agrismart-web-v1_1\Agrismart-main\AgriSmart.Infrastructure\Repositories\Command\IrrigationPlanRepository.cs(68,20): warning CS8603: Possible null reference return. [C:\Users\AlexQQ\Desktop\agrismart-web-v1_1\Agrismart-main\AgriSmart.Infrastructure\AgriSmart.Infrastructure.csproj]
C:\Users\AlexQQ\Desktop\agrismart-web-v1_1\Agrismart-main\AgriSmart.Infrastructure\Repositories\Query\ClimateMeasurementQueryRepository.cs(40,24): warning CS8603: Possible null reference return. [C:\Users\AlexQQ\Desktop\agrismart-web-v1_1\Agrismart-main\AgriSmart.Infrastructure\AgriSmart.Infrastructure.csproj]
C:\Users\AlexQQ\Desktop\agrismart-web-v1_1\Agrismart-main\AgriSmart.Infrastructure\Repositories\Query\ClimateMeasurementQueryRepository.cs(20,60): warning CS1998: This async method lacks 'await' operators and will run synchronously. Consider using the 'await' operator to await non-blocking API calls, or 'await Task.Run(...)' to do CPU-bound work on a background thread. [C:\Users\AlexQQ\Desktop\agrismart-web-v1_1\Agrismart-main\AgriSmart.Infrastructure\AgriSmart.Infrastructure.csproj]
C:\Users\AlexQQ\Desktop\agrismart-web-v1_1\Agrismart-main\AgriSmart.Infrastructure\Repositories\Query\BaseQueryRepository.cs(22,34): warning CS8602: Dereference of a possibly null reference. [C:\Users\AlexQQ\Desktop\agrismart-web-v1_1\Agrismart-main\AgriSmart.Infrastructure\AgriSmart.Infrastructure.csproj]
C:\Users\AlexQQ\Desktop\agrismart-web-v1_1\Agrismart-main\AgriSmart.Infrastructure\Repositories\Query\BaseQueryRepository.cs(30,34): warning CS8602: Dereference of a possibly null reference. [C:\Users\AlexQQ\Desktop\agrismart-web-v1_1\Agrismart-main\AgriSmart.Infrastructure\AgriSmart.Infrastructure.csproj]
C:\Users\AlexQQ\Desktop\agrismart-web-v1_1\Agrismart-main\AgriSmart.Infrastructure\Repositories\Query\BaseQueryRepository.cs(38,34): warning CS8602: Dereference of a possibly null reference. [C:\Users\AlexQQ\Desktop\agrismart-web-v1_1\Agrismart-main\AgriSmart.Infrastructure\AgriSmart.Infrastructure.csproj]
C:\Users\AlexQQ\Desktop\agrismart-web-v1_1\Agrismart-main\AgriSmart.Infrastructure\Repositories\Query\WaterChemistryQueryRepository.cs(79,24): warning CS8603: Possible null reference return. [C:\Users\AlexQQ\Desktop\agrismart-web-v1_1\Agrismart-main\AgriSmart.Infrastructure\AgriSmart.Infrastructure.csproj]
C:\Users\AlexQQ\Desktop\agrismart-web-v1_1\Agrismart-main\AgriSmart.Infrastructure\Repositories\Query\CompanyQueryRepository.cs(48,47): warning CS8602: Dereference of a possibly null reference. [C:\Users\AlexQQ\Desktop\agrismart-web-v1_1\Agrismart-main\AgriSmart.Infrastructure\AgriSmart.Infrastructure.csproj]
C:\Users\AlexQQ\Desktop\agrismart-web-v1_1\Agrismart-main\AgriSmart.Infrastructure\Repositories\Query\CompanyQueryRepository.cs(49,42): warning CS8602: Dereference of a possibly null reference. [C:\Users\AlexQQ\Desktop\agrismart-web-v1_1\Agrismart-main\AgriSmart.Infrastructure\AgriSmart.Infrastructure.csproj]
C:\Users\AlexQQ\Desktop\agrismart-web-v1_1\Agrismart-main\AgriSmart.Infrastructure\Repositories\Query\CompanyQueryRepository.cs(50,49): warning CS8602: Dereference of a possibly null reference. [C:\Users\AlexQQ\Desktop\agrismart-web-v1_1\Agrismart-main\AgriSmart.Infrastructure\AgriSmart.Infrastructure.csproj]
C:\Users\AlexQQ\Desktop\agrismart-web-v1_1\Agrismart-main\AgriSmart.Infrastructure\Repositories\Query\CompanyQueryRepository.cs(51,44): warning CS8602: Dereference of a possibly null reference. [C:\Users\AlexQQ\Desktop\agrismart-web-v1_1\Agrismart-main\AgriSmart.Infrastructure\AgriSmart.Infrastructure.csproj]
C:\Users\AlexQQ\Desktop\agrismart-web-v1_1\Agrismart-main\AgriSmart.Infrastructure\Repositories\Query\CompanyQueryRepository.cs(52,47): warning CS8602: Dereference of a possibly null reference. [C:\Users\AlexQQ\Desktop\agrismart-web-v1_1\Agrismart-main\AgriSmart.Infrastructure\AgriSmart.Infrastructure.csproj]
C:\Users\AlexQQ\Desktop\agrismart-web-v1_1\Agrismart-main\AgriSmart.Infrastructure\Repositories\Query\CompanyQueryRepository.cs(53,49): warning CS8602: Dereference of a possibly null reference. [C:\Users\AlexQQ\Desktop\agrismart-web-v1_1\Agrismart-main\AgriSmart.Infrastructure\AgriSmart.Infrastructure.csproj]
C:\Users\AlexQQ\Desktop\agrismart-web-v1_1\Agrismart-main\AgriSmart.Infrastructure\Repositories\Query\CompanyQueryRepository.cs(54,47): warning CS8602: Dereference of a possibly null reference. [C:\Users\AlexQQ\Desktop\agrismart-web-v1_1\Agrismart-main\AgriSmart.Infrastructure\AgriSmart.Infrastructure.csproj]
C:\Users\AlexQQ\Desktop\agrismart-web-v1_1\Agrismart-main\AgriSmart.Infrastructure\Repositories\Query\CompanyQueryRepository.cs(55,49): warning CS8602: Dereference of a possibly null reference. [C:\Users\AlexQQ\Desktop\agrismart-web-v1_1\Agrismart-main\AgriSmart.Infrastructure\AgriSmart.Infrastructure.csproj]
C:\Users\AlexQQ\Desktop\agrismart-web-v1_1\Agrismart-main\AgriSmart.Infrastructure\Repositories\Query\CompanyQueryRepository.cs(87,47): warning CS8602: Dereference of a possibly null reference. [C:\Users\AlexQQ\Desktop\agrismart-web-v1_1\Agrismart-main\AgriSmart.Infrastructure\AgriSmart.Infrastructure.csproj]
C:\Users\AlexQQ\Desktop\agrismart-web-v1_1\Agrismart-main\AgriSmart.Infrastructure\Repositories\Query\CompanyQueryRepository.cs(88,42): warning CS8602: Dereference of a possibly null reference. [C:\Users\AlexQQ\Desktop\agrismart-web-v1_1\Agrismart-main\AgriSmart.Infrastructure\AgriSmart.Infrastructure.csproj]
C:\Users\AlexQQ\Desktop\agrismart-web-v1_1\Agrismart-main\AgriSmart.Infrastructure\Repositories\Query\CompanyQueryRepository.cs(89,49): warning CS8602: Dereference of a possibly null reference. [C:\Users\AlexQQ\Desktop\agrismart-web-v1_1\Agrismart-main\AgriSmart.Infrastructure\AgriSmart.Infrastructure.csproj]
C:\Users\AlexQQ\Desktop\agrismart-web-v1_1\Agrismart-main\AgriSmart.Infrastructure\Repositories\Query\CompanyQueryRepository.cs(90,44): warning CS8602: Dereference of a possibly null reference. [C:\Users\AlexQQ\Desktop\agrismart-web-v1_1\Agrismart-main\AgriSmart.Infrastructure\AgriSmart.Infrastructure.csproj]
C:\Users\AlexQQ\Desktop\agrismart-web-v1_1\Agrismart-main\AgriSmart.Infrastructure\Repositories\Query\CompanyQueryRepository.cs(91,47): warning CS8602: Dereference of a possibly null reference. [C:\Users\AlexQQ\Desktop\agrismart-web-v1_1\Agrismart-main\AgriSmart.Infrastructure\AgriSmart.Infrastructure.csproj]
C:\Users\AlexQQ\Desktop\agrismart-web-v1_1\Agrismart-main\AgriSmart.Infrastructure\Repositories\Query\CompanyQueryRepository.cs(92,49): warning CS8602: Dereference of a possibly null reference. [C:\Users\AlexQQ\Desktop\agrismart-web-v1_1\Agrismart-main\AgriSmart.Infrastructure\AgriSmart.Infrastructure.csproj]
C:\Users\AlexQQ\Desktop\agrismart-web-v1_1\Agrismart-main\AgriSmart.Infrastructure\Repositories\Query\CompanyQueryRepository.cs(93,47): warning CS8602: Dereference of a possibly null reference. [C:\Users\AlexQQ\Desktop\agrismart-web-v1_1\Agrismart-main\AgriSmart.Infrastructure\AgriSmart.Infrastructure.csproj]
C:\Users\AlexQQ\Desktop\agrismart-web-v1_1\Agrismart-main\AgriSmart.Infrastructure\Repositories\Query\CompanyQueryRepository.cs(94,49): warning CS8602: Dereference of a possibly null reference. [C:\Users\AlexQQ\Desktop\agrismart-web-v1_1\Agrismart-main\AgriSmart.Infrastructure\AgriSmart.Infrastructure.csproj]
C:\Users\AlexQQ\Desktop\agrismart-web-v1_1\Agrismart-main\AgriSmart.Infrastructure\Repositories\Query\DeviceSensorCacheRepository.cs(30,52): warning CS8600: Converting null literal or possible null value to non-nullable type. [C:\Users\AlexQQ\Desktop\agrismart-web-v1_1\Agrismart-main\AgriSmart.Infrastructure\AgriSmart.Infrastructure.csproj]
C:\Users\AlexQQ\Desktop\agrismart-web-v1_1\Agrismart-main\AgriSmart.Infrastructure\Repositories\Query\DeviceSensorCacheRepository.cs(35,20): warning CS8603: Possible null reference return. [C:\Users\AlexQQ\Desktop\agrismart-web-v1_1\Agrismart-main\AgriSmart.Infrastructure\AgriSmart.Infrastructure.csproj]
C:\Users\AlexQQ\Desktop\agrismart-web-v1_1\Agrismart-main\AgriSmart.Infrastructure\Repositories\Query\CropProductionIrrigationSectorQueryRepository.cs(47,54): warning CS8602: Dereference of a possibly null reference. [C:\Users\AlexQQ\Desktop\agrismart-web-v1_1\Agrismart-main\AgriSmart.Infrastructure\AgriSmart.Infrastructure.csproj]
C:\Users\AlexQQ\Desktop\agrismart-web-v1_1\Agrismart-main\AgriSmart.Infrastructure\Repositories\Query\CropProductionIrrigationSectorQueryRepository.cs(48,42): warning CS8602: Dereference of a possibly null reference. [C:\Users\AlexQQ\Desktop\agrismart-web-v1_1\Agrismart-main\AgriSmart.Infrastructure\AgriSmart.Infrastructure.csproj]
C:\Users\AlexQQ\Desktop\agrismart-web-v1_1\Agrismart-main\AgriSmart.Infrastructure\Repositories\Query\CropProductionIrrigationSectorQueryRepository.cs(49,45): warning CS8602: Dereference of a possibly null reference. [C:\Users\AlexQQ\Desktop\agrismart-web-v1_1\Agrismart-main\AgriSmart.Infrastructure\AgriSmart.Infrastructure.csproj]
C:\Users\AlexQQ\Desktop\agrismart-web-v1_1\Agrismart-main\AgriSmart.Infrastructure\Repositories\Query\CropProductionIrrigationSectorQueryRepository.cs(50,44): warning CS8602: Dereference of a possibly null reference. [C:\Users\AlexQQ\Desktop\agrismart-web-v1_1\Agrismart-main\AgriSmart.Infrastructure\AgriSmart.Infrastructure.csproj]
C:\Users\AlexQQ\Desktop\agrismart-web-v1_1\Agrismart-main\AgriSmart.Infrastructure\Repositories\Query\CropProductionIrrigationSectorQueryRepository.cs(51,47): warning CS8602: Dereference of a possibly null reference. [C:\Users\AlexQQ\Desktop\agrismart-web-v1_1\Agrismart-main\AgriSmart.Infrastructure\AgriSmart.Infrastructure.csproj]
C:\Users\AlexQQ\Desktop\agrismart-web-v1_1\Agrismart-main\AgriSmart.Infrastructure\Repositories\Query\CropProductionIrrigationSectorQueryRepository.cs(52,49): warning CS8602: Dereference of a possibly null reference. [C:\Users\AlexQQ\Desktop\agrismart-web-v1_1\Agrismart-main\AgriSmart.Infrastructure\AgriSmart.Infrastructure.csproj]
C:\Users\AlexQQ\Desktop\agrismart-web-v1_1\Agrismart-main\AgriSmart.Infrastructure\Repositories\Query\CropProductionIrrigationSectorQueryRepository.cs(53,47): warning CS8602: Dereference of a possibly null reference. [C:\Users\AlexQQ\Desktop\agrismart-web-v1_1\Agrismart-main\AgriSmart.Infrastructure\AgriSmart.Infrastructure.csproj]
C:\Users\AlexQQ\Desktop\agrismart-web-v1_1\Agrismart-main\AgriSmart.Infrastructure\Repositories\Query\CropProductionIrrigationSectorQueryRepository.cs(54,49): warning CS8602: Dereference of a possibly null reference. [C:\Users\AlexQQ\Desktop\agrismart-web-v1_1\Agrismart-main\AgriSmart.Infrastructure\AgriSmart.Infrastructure.csproj]
C:\Users\AlexQQ\Desktop\agrismart-web-v1_1\Agrismart-main\AgriSmart.Infrastructure\Repositories\Query\DeviceSensorCacheRepository.cs(40,52): warning CS8600: Converting null literal or possible null value to non-nullable type. [C:\Users\AlexQQ\Desktop\agrismart-web-v1_1\Agrismart-main\AgriSmart.Infrastructure\AgriSmart.Infrastructure.csproj]
C:\Users\AlexQQ\Desktop\agrismart-web-v1_1\Agrismart-main\AgriSmart.Infrastructure\Repositories\Query\DeviceSensorCacheRepository.cs(45,20): warning CS8603: Possible null reference return. [C:\Users\AlexQQ\Desktop\agrismart-web-v1_1\Agrismart-main\AgriSmart.Infrastructure\AgriSmart.Infrastructure.csproj]
C:\Users\AlexQQ\Desktop\agrismart-web-v1_1\Agrismart-main\AgriSmart.Infrastructure\Mappings\IrrigationDesignMappingProfile.cs(19,105): warning CS8600: Converting null literal or possible null value to non-nullable type. [C:\Users\AlexQQ\Desktop\agrismart-web-v1_1\Agrismart-main\AgriSmart.Infrastructure\AgriSmart.Infrastructure.csproj]
C:\Users\AlexQQ\Desktop\agrismart-web-v1_1\Agrismart-main\AgriSmart.Infrastructure\Mappings\IrrigationDesignMappingProfile.cs(21,101): warning CS8600: Converting null literal or possible null value to non-nullable type. [C:\Users\AlexQQ\Desktop\agrismart-web-v1_1\Agrismart-main\AgriSmart.Infrastructure\AgriSmart.Infrastructure.csproj]
C:\Users\AlexQQ\Desktop\agrismart-web-v1_1\Agrismart-main\AgriSmart.Infrastructure\Mappings\IrrigationDesignMappingProfile.cs(24,107): warning CS8600: Converting null literal or possible null value to non-nullable type. [C:\Users\AlexQQ\Desktop\agrismart-web-v1_1\Agrismart-main\AgriSmart.Infrastructure\AgriSmart.Infrastructure.csproj]
C:\Users\AlexQQ\Desktop\agrismart-web-v1_1\Agrismart-main\AgriSmart.Infrastructure\Mappings\IrrigationDesignMappingProfile.cs(27,109): warning CS8600: Converting null literal or possible null value to non-nullable type. [C:\Users\AlexQQ\Desktop\agrismart-web-v1_1\Agrismart-main\AgriSmart.Infrastructure\AgriSmart.Infrastructure.csproj]
C:\Users\AlexQQ\Desktop\agrismart-web-v1_1\Agrismart-main\AgriSmart.Infrastructure\Mappings\IrrigationDesignMappingProfile.cs(29,76): warning CS8600: Converting null literal or possible null value to non-nullable type. [C:\Users\AlexQQ\Desktop\agrismart-web-v1_1\Agrismart-main\AgriSmart.Infrastructure\AgriSmart.Infrastructure.csproj]
C:\Users\AlexQQ\Desktop\agrismart-web-v1_1\Agrismart-main\AgriSmart.Infrastructure\Mappings\IrrigationDesignMappingProfile.cs(33,105): warning CS8600: Converting null literal or possible null value to non-nullable type. [C:\Users\AlexQQ\Desktop\agrismart-web-v1_1\Agrismart-main\AgriSmart.Infrastructure\AgriSmart.Infrastructure.csproj]
C:\Users\AlexQQ\Desktop\agrismart-web-v1_1\Agrismart-main\AgriSmart.Infrastructure\Mappings\IrrigationDesignMappingProfile.cs(35,101): warning CS8600: Converting null literal or possible null value to non-nullable type. [C:\Users\AlexQQ\Desktop\agrismart-web-v1_1\Agrismart-main\AgriSmart.Infrastructure\AgriSmart.Infrastructure.csproj]
C:\Users\AlexQQ\Desktop\agrismart-web-v1_1\Agrismart-main\AgriSmart.Infrastructure\Mappings\IrrigationDesignMappingProfile.cs(40,68): warning CS8600: Converting null literal or possible null value to non-nullable type. [C:\Users\AlexQQ\Desktop\agrismart-web-v1_1\Agrismart-main\AgriSmart.Infrastructure\AgriSmart.Infrastructure.csproj]
C:\Users\AlexQQ\Desktop\agrismart-web-v1_1\Agrismart-main\AgriSmart.Infrastructure\Mappings\IrrigationDesignMappingProfile.cs(42,71): warning CS8600: Converting null literal or possible null value to non-nullable type. [C:\Users\AlexQQ\Desktop\agrismart-web-v1_1\Agrismart-main\AgriSmart.Infrastructure\AgriSmart.Infrastructure.csproj]
C:\Users\AlexQQ\Desktop\agrismart-web-v1_1\Agrismart-main\AgriSmart.Infrastructure\Mappings\IrrigationDesignMappingProfile.cs(44,111): warning CS8600: Converting null literal or possible null value to non-nullable type. [C:\Users\AlexQQ\Desktop\agrismart-web-v1_1\Agrismart-main\AgriSmart.Infrastructure\AgriSmart.Infrastructure.csproj]
C:\Users\AlexQQ\Desktop\agrismart-web-v1_1\Agrismart-main\AgriSmart.Infrastructure\Mappings\IrrigationDesignMappingProfile.cs(46,103): warning CS8600: Converting null literal or possible null value to non-nullable type. [C:\Users\AlexQQ\Desktop\agrismart-web-v1_1\Agrismart-main\AgriSmart.Infrastructure\AgriSmart.Infrastructure.csproj]
C:\Users\AlexQQ\Desktop\agrismart-web-v1_1\Agrismart-main\AgriSmart.Infrastructure\Mappings\IrrigationDesignMappingProfile.cs(48,56): warning CS8600: Converting null literal or possible null value to non-nullable type. [C:\Users\AlexQQ\Desktop\agrismart-web-v1_1\Agrismart-main\AgriSmart.Infrastructure\AgriSmart.Infrastructure.csproj]
C:\Users\AlexQQ\Desktop\agrismart-web-v1_1\Agrismart-main\AgriSmart.Infrastructure\Repositories\Query\CropProductionIrrigationSectorQueryRepository.cs(86,54): warning CS8602: Dereference of a possibly null reference. [C:\Users\AlexQQ\Desktop\agrismart-web-v1_1\Agrismart-main\AgriSmart.Infrastructure\AgriSmart.Infrastructure.csproj]
C:\Users\AlexQQ\Desktop\agrismart-web-v1_1\Agrismart-main\AgriSmart.Infrastructure\Repositories\Query\CropProductionIrrigationSectorQueryRepository.cs(87,42): warning CS8602: Dereference of a possibly null reference. [C:\Users\AlexQQ\Desktop\agrismart-web-v1_1\Agrismart-main\AgriSmart.Infrastructure\AgriSmart.Infrastructure.csproj]
C:\Users\AlexQQ\Desktop\agrismart-web-v1_1\Agrismart-main\AgriSmart.Infrastructure\Repositories\Query\CropProductionIrrigationSectorQueryRepository.cs(88,45): warning CS8602: Dereference of a possibly null reference. [C:\Users\AlexQQ\Desktop\agrismart-web-v1_1\Agrismart-main\AgriSmart.Infrastructure\AgriSmart.Infrastructure.csproj]
C:\Users\AlexQQ\Desktop\agrismart-web-v1_1\Agrismart-main\AgriSmart.Infrastructure\Repositories\Query\CropProductionIrrigationSectorQueryRepository.cs(89,44): warning CS8602: Dereference of a possibly null reference. [C:\Users\AlexQQ\Desktop\agrismart-web-v1_1\Agrismart-main\AgriSmart.Infrastructure\AgriSmart.Infrastructure.csproj]
C:\Users\AlexQQ\Desktop\agrismart-web-v1_1\Agrismart-main\AgriSmart.Infrastructure\Repositories\Query\CropProductionIrrigationSectorQueryRepository.cs(90,47): warning CS8602: Dereference of a possibly null reference. [C:\Users\AlexQQ\Desktop\agrismart-web-v1_1\Agrismart-main\AgriSmart.Infrastructure\AgriSmart.Infrastructure.csproj]
C:\Users\AlexQQ\Desktop\agrismart-web-v1_1\Agrismart-main\AgriSmart.Infrastructure\Repositories\Query\CropProductionIrrigationSectorQueryRepository.cs(91,49): warning CS8602: Dereference of a possibly null reference. [C:\Users\AlexQQ\Desktop\agrismart-web-v1_1\Agrismart-main\AgriSmart.Infrastructure\AgriSmart.Infrastructure.csproj]
C:\Users\AlexQQ\Desktop\agrismart-web-v1_1\Agrismart-main\AgriSmart.Infrastructure\Repositories\Query\CropProductionIrrigationSectorQueryRepository.cs(92,47): warning CS8602: Dereference of a possibly null reference. [C:\Users\AlexQQ\Desktop\agrismart-web-v1_1\Agrismart-main\AgriSmart.Infrastructure\AgriSmart.Infrastructure.csproj]
C:\Users\AlexQQ\Desktop\agrismart-web-v1_1\Agrismart-main\AgriSmart.Infrastructure\Repositories\Query\CropProductionIrrigationSectorQueryRepository.cs(93,49): warning CS8602: Dereference of a possibly null reference. [C:\Users\AlexQQ\Desktop\agrismart-web-v1_1\Agrismart-main\AgriSmart.Infrastructure\AgriSmart.Infrastructure.csproj]
C:\Users\AlexQQ\Desktop\agrismart-web-v1_1\Agrismart-main\AgriSmart.Infrastructure\Repositories\Query\CropProductionQueryRepository.cs(47,44): warning CS8602: Dereference of a possibly null reference. [C:\Users\AlexQQ\Desktop\agrismart-web-v1_1\Agrismart-main\AgriSmart.Infrastructure\AgriSmart.Infrastructure.csproj]
C:\Users\AlexQQ\Desktop\agrismart-web-v1_1\Agrismart-main\AgriSmart.Infrastructure\Repositories\Query\CropProductionQueryRepository.cs(48,54): warning CS8602: Dereference of a possibly null reference. [C:\Users\AlexQQ\Desktop\agrismart-web-v1_1\Agrismart-main\AgriSmart.Infrastructure\AgriSmart.Infrastructure.csproj]
C:\Users\AlexQQ\Desktop\agrismart-web-v1_1\Agrismart-main\AgriSmart.Infrastructure\Repositories\Query\CropProductionQueryRepository.cs(49,42): warning CS8602: Dereference of a possibly null reference. [C:\Users\AlexQQ\Desktop\agrismart-web-v1_1\Agrismart-main\AgriSmart.Infrastructure\AgriSmart.Infrastructure.csproj]
C:\Users\AlexQQ\Desktop\agrismart-web-v1_1\Agrismart-main\AgriSmart.Infrastructure\Repositories\Query\CropProductionQueryRepository.cs(50,49): warning CS8602: Dereference of a possibly null reference. [C:\Users\AlexQQ\Desktop\agrismart-web-v1_1\Agrismart-main\AgriSmart.Infrastructure\AgriSmart.Infrastructure.csproj]
C:\Users\AlexQQ\Desktop\agrismart-web-v1_1\Agrismart-main\AgriSmart.Infrastructure\Repositories\Query\CropProductionQueryRepository.cs(51,53): warning CS8602: Dereference of a possibly null reference. [C:\Users\AlexQQ\Desktop\agrismart-web-v1_1\Agrismart-main\AgriSmart.Infrastructure\AgriSmart.Infrastructure.csproj]
C:\Users\AlexQQ\Desktop\agrismart-web-v1_1\Agrismart-main\AgriSmart.Infrastructure\Repositories\Query\CropProductionQueryRepository.cs(52,47): warning CS8602: Dereference of a possibly null reference. [C:\Users\AlexQQ\Desktop\agrismart-web-v1_1\Agrismart-main\AgriSmart.Infrastructure\AgriSmart.Infrastructure.csproj]
C:\Users\AlexQQ\Desktop\agrismart-web-v1_1\Agrismart-main\AgriSmart.Infrastructure\Repositories\Query\CropProductionQueryRepository.cs(53,43): warning CS8602: Dereference of a possibly null reference. [C:\Users\AlexQQ\Desktop\agrismart-web-v1_1\Agrismart-main\AgriSmart.Infrastructure\AgriSmart.Infrastructure.csproj]
C:\Users\AlexQQ\Desktop\agrismart-web-v1_1\Agrismart-main\AgriSmart.Infrastructure\Repositories\Query\CropProductionQueryRepository.cs(54,44): warning CS8602: Dereference of a possibly null reference. [C:\Users\AlexQQ\Desktop\agrismart-web-v1_1\Agrismart-main\AgriSmart.Infrastructure\AgriSmart.Infrastructure.csproj]
C:\Users\AlexQQ\Desktop\agrismart-web-v1_1\Agrismart-main\AgriSmart.Infrastructure\Repositories\Query\CropProductionQueryRepository.cs(55,56): warning CS8602: Dereference of a possibly null reference. [C:\Users\AlexQQ\Desktop\agrismart-web-v1_1\Agrismart-main\AgriSmart.Infrastructure\AgriSmart.Infrastructure.csproj]
C:\Users\AlexQQ\Desktop\agrismart-web-v1_1\Agrismart-main\AgriSmart.Infrastructure\Repositories\Query\CropProductionQueryRepository.cs(56,62): warning CS8602: Dereference of a possibly null reference. [C:\Users\AlexQQ\Desktop\agrismart-web-v1_1\Agrismart-main\AgriSmart.Infrastructure\AgriSmart.Infrastructure.csproj]
C:\Users\AlexQQ\Desktop\agrismart-web-v1_1\Agrismart-main\AgriSmart.Infrastructure\Repositories\Query\CropProductionQueryRepository.cs(57,58): warning CS8602: Dereference of a possibly null reference. [C:\Users\AlexQQ\Desktop\agrismart-web-v1_1\Agrismart-main\AgriSmart.Infrastructure\AgriSmart.Infrastructure.csproj]
C:\Users\AlexQQ\Desktop\agrismart-web-v1_1\Agrismart-main\AgriSmart.Infrastructure\Repositories\Query\CropProductionQueryRepository.cs(58,56): warning CS8602: Dereference of a possibly null reference. [C:\Users\AlexQQ\Desktop\agrismart-web-v1_1\Agrismart-main\AgriSmart.Infrastructure\AgriSmart.Infrastructure.csproj]
C:\Users\AlexQQ\Desktop\agrismart-web-v1_1\Agrismart-main\AgriSmart.Infrastructure\Repositories\Query\CropProductionQueryRepository.cs(59,66): warning CS8602: Dereference of a possibly null reference. [C:\Users\AlexQQ\Desktop\agrismart-web-v1_1\Agrismart-main\AgriSmart.Infrastructure\AgriSmart.Infrastructure.csproj]
C:\Users\AlexQQ\Desktop\agrismart-web-v1_1\Agrismart-main\AgriSmart.Infrastructure\Repositories\Query\CropProductionQueryRepository.cs(60,64): warning CS8602: Dereference of a possibly null reference. [C:\Users\AlexQQ\Desktop\agrismart-web-v1_1\Agrismart-main\AgriSmart.Infrastructure\AgriSmart.Infrastructure.csproj]
C:\Users\AlexQQ\Desktop\agrismart-web-v1_1\Agrismart-main\AgriSmart.Infrastructure\Repositories\Query\CropProductionQueryRepository.cs(61,47): warning CS8602: Dereference of a possibly null reference. [C:\Users\AlexQQ\Desktop\agrismart-web-v1_1\Agrismart-main\AgriSmart.Infrastructure\AgriSmart.Infrastructure.csproj]
C:\Users\AlexQQ\Desktop\agrismart-web-v1_1\Agrismart-main\AgriSmart.Infrastructure\Repositories\Query\CropProductionQueryRepository.cs(62,45): warning CS8602: Dereference of a possibly null reference. [C:\Users\AlexQQ\Desktop\agrismart-web-v1_1\Agrismart-main\AgriSmart.Infrastructure\AgriSmart.Infrastructure.csproj]
C:\Users\AlexQQ\Desktop\agrismart-web-v1_1\Agrismart-main\AgriSmart.Infrastructure\Repositories\Query\CropProductionQueryRepository.cs(63,46): warning CS8602: Dereference of a possibly null reference. [C:\Users\AlexQQ\Desktop\agrismart-web-v1_1\Agrismart-main\AgriSmart.Infrastructure\AgriSmart.Infrastructure.csproj]
C:\Users\AlexQQ\Desktop\agrismart-web-v1_1\Agrismart-main\AgriSmart.Infrastructure\Repositories\Query\CropProductionQueryRepository.cs(64,46): warning CS8602: Dereference of a possibly null reference. [C:\Users\AlexQQ\Desktop\agrismart-web-v1_1\Agrismart-main\AgriSmart.Infrastructure\AgriSmart.Infrastructure.csproj]
C:\Users\AlexQQ\Desktop\agrismart-web-v1_1\Agrismart-main\AgriSmart.Infrastructure\Repositories\Query\CropProductionQueryRepository.cs(65,47): warning CS8602: Dereference of a possibly null reference. [C:\Users\AlexQQ\Desktop\agrismart-web-v1_1\Agrismart-main\AgriSmart.Infrastructure\AgriSmart.Infrastructure.csproj]
C:\Users\AlexQQ\Desktop\agrismart-web-v1_1\Agrismart-main\AgriSmart.Infrastructure\Repositories\Query\CropProductionQueryRepository.cs(66,57): warning CS8602: Dereference of a possibly null reference. [C:\Users\AlexQQ\Desktop\agrismart-web-v1_1\Agrismart-main\AgriSmart.Infrastructure\AgriSmart.Infrastructure.csproj]
C:\Users\AlexQQ\Desktop\agrismart-web-v1_1\Agrismart-main\AgriSmart.Infrastructure\Repositories\Query\CropProductionQueryRepository.cs(67,52): warning CS8602: Dereference of a possibly null reference. [C:\Users\AlexQQ\Desktop\agrismart-web-v1_1\Agrismart-main\AgriSmart.Infrastructure\AgriSmart.Infrastructure.csproj]
C:\Users\AlexQQ\Desktop\agrismart-web-v1_1\Agrismart-main\AgriSmart.Infrastructure\Repositories\Query\CropProductionQueryRepository.cs(68,44): warning CS8602: Dereference of a possibly null reference. [C:\Users\AlexQQ\Desktop\agrismart-web-v1_1\Agrismart-main\AgriSmart.Infrastructure\AgriSmart.Infrastructure.csproj]
C:\Users\AlexQQ\Desktop\agrismart-web-v1_1\Agrismart-main\AgriSmart.Infrastructure\Repositories\Query\CropProductionQueryRepository.cs(69,47): warning CS8602: Dereference of a possibly null reference. [C:\Users\AlexQQ\Desktop\agrismart-web-v1_1\Agrismart-main\AgriSmart.Infrastructure\AgriSmart.Infrastructure.csproj]
C:\Users\AlexQQ\Desktop\agrismart-web-v1_1\Agrismart-main\AgriSmart.Infrastructure\Repositories\Query\CropProductionQueryRepository.cs(70,49): warning CS8602: Dereference of a possibly null reference. [C:\Users\AlexQQ\Desktop\agrismart-web-v1_1\Agrismart-main\AgriSmart.Infrastructure\AgriSmart.Infrastructure.csproj]
C:\Users\AlexQQ\Desktop\agrismart-web-v1_1\Agrismart-main\AgriSmart.Infrastructure\Repositories\Query\CropProductionQueryRepository.cs(71,47): warning CS8602: Dereference of a possibly null reference. [C:\Users\AlexQQ\Desktop\agrismart-web-v1_1\Agrismart-main\AgriSmart.Infrastructure\AgriSmart.Infrastructure.csproj]
C:\Users\AlexQQ\Desktop\agrismart-web-v1_1\Agrismart-main\AgriSmart.Infrastructure\Repositories\Query\CropProductionQueryRepository.cs(72,49): warning CS8602: Dereference of a possibly null reference. [C:\Users\AlexQQ\Desktop\agrismart-web-v1_1\Agrismart-main\AgriSmart.Infrastructure\AgriSmart.Infrastructure.csproj]
C:\Users\AlexQQ\Desktop\agrismart-web-v1_1\Agrismart-main\AgriSmart.Infrastructure\Repositories\Query\FarmQueryRepository.cs(41,53): warning CS8602: Dereference of a possibly null reference. [C:\Users\AlexQQ\Desktop\agrismart-web-v1_1\Agrismart-main\AgriSmart.Infrastructure\AgriSmart.Infrastructure.csproj]
C:\Users\AlexQQ\Desktop\agrismart-web-v1_1\Agrismart-main\AgriSmart.Infrastructure\Repositories\Query\FarmQueryRepository.cs(46,47): warning CS8602: Dereference of a possibly null reference. [C:\Users\AlexQQ\Desktop\agrismart-web-v1_1\Agrismart-main\AgriSmart.Infrastructure\AgriSmart.Infrastructure.csproj]
C:\Users\AlexQQ\Desktop\agrismart-web-v1_1\Agrismart-main\AgriSmart.Infrastructure\Repositories\Query\FarmQueryRepository.cs(47,42): warning CS8602: Dereference of a possibly null reference. [C:\Users\AlexQQ\Desktop\agrismart-web-v1_1\Agrismart-main\AgriSmart.Infrastructure\AgriSmart.Infrastructure.csproj]
C:\Users\AlexQQ\Desktop\agrismart-web-v1_1\Agrismart-main\AgriSmart.Infrastructure\Repositories\Query\FarmQueryRepository.cs(48,49): warning CS8602: Dereference of a possibly null reference. [C:\Users\AlexQQ\Desktop\agrismart-web-v1_1\Agrismart-main\AgriSmart.Infrastructure\AgriSmart.Infrastructure.csproj]
C:\Users\AlexQQ\Desktop\agrismart-web-v1_1\Agrismart-main\AgriSmart.Infrastructure\Repositories\Query\FarmQueryRepository.cs(49,48): warning CS8602: Dereference of a possibly null reference. [C:\Users\AlexQQ\Desktop\agrismart-web-v1_1\Agrismart-main\AgriSmart.Infrastructure\AgriSmart.Infrastructure.csproj]
C:\Users\AlexQQ\Desktop\agrismart-web-v1_1\Agrismart-main\AgriSmart.Infrastructure\Repositories\Query\FarmQueryRepository.cs(50,46): warning CS8602: Dereference of a possibly null reference. [C:\Users\AlexQQ\Desktop\agrismart-web-v1_1\Agrismart-main\AgriSmart.Infrastructure\AgriSmart.Infrastructure.csproj]
C:\Users\AlexQQ\Desktop\agrismart-web-v1_1\Agrismart-main\AgriSmart.Infrastructure\Repositories\Query\FarmQueryRepository.cs(51,45): warning CS8602: Dereference of a possibly null reference. [C:\Users\AlexQQ\Desktop\agrismart-web-v1_1\Agrismart-main\AgriSmart.Infrastructure\AgriSmart.Infrastructure.csproj]
C:\Users\AlexQQ\Desktop\agrismart-web-v1_1\Agrismart-main\AgriSmart.Infrastructure\Repositories\Query\FarmQueryRepository.cs(52,42): warning CS8602: Dereference of a possibly null reference. [C:\Users\AlexQQ\Desktop\agrismart-web-v1_1\Agrismart-main\AgriSmart.Infrastructure\AgriSmart.Infrastructure.csproj]
C:\Users\AlexQQ\Desktop\agrismart-web-v1_1\Agrismart-main\AgriSmart.Infrastructure\Repositories\Query\FarmQueryRepository.cs(53,46): warning CS8602: Dereference of a possibly null reference. [C:\Users\AlexQQ\Desktop\agrismart-web-v1_1\Agrismart-main\AgriSmart.Infrastructure\AgriSmart.Infrastructure.csproj]
C:\Users\AlexQQ\Desktop\agrismart-web-v1_1\Agrismart-main\AgriSmart.Infrastructure\Repositories\Query\FarmQueryRepository.cs(54,47): warning CS8602: Dereference of a possibly null reference. [C:\Users\AlexQQ\Desktop\agrismart-web-v1_1\Agrismart-main\AgriSmart.Infrastructure\AgriSmart.Infrastructure.csproj]
C:\Users\AlexQQ\Desktop\agrismart-web-v1_1\Agrismart-main\AgriSmart.Infrastructure\Repositories\Query\FarmQueryRepository.cs(55,45): warning CS8602: Dereference of a possibly null reference. [C:\Users\AlexQQ\Desktop\agrismart-web-v1_1\Agrismart-main\AgriSmart.Infrastructure\AgriSmart.Infrastructure.csproj]
C:\Users\AlexQQ\Desktop\agrismart-web-v1_1\Agrismart-main\AgriSmart.Infrastructure\Repositories\Query\FarmQueryRepository.cs(56,46): warning CS8602: Dereference of a possibly null reference. [C:\Users\AlexQQ\Desktop\agrismart-web-v1_1\Agrismart-main\AgriSmart.Infrastructure\AgriSmart.Infrastructure.csproj]
C:\Users\AlexQQ\Desktop\agrismart-web-v1_1\Agrismart-main\AgriSmart.Infrastructure\Repositories\Query\FarmQueryRepository.cs(57,44): warning CS8602: Dereference of a possibly null reference. [C:\Users\AlexQQ\Desktop\agrismart-web-v1_1\Agrismart-main\AgriSmart.Infrastructure\AgriSmart.Infrastructure.csproj]
C:\Users\AlexQQ\Desktop\agrismart-web-v1_1\Agrismart-main\AgriSmart.Infrastructure\Repositories\Query\FarmQueryRepository.cs(58,47): warning CS8602: Dereference of a possibly null reference. [C:\Users\AlexQQ\Desktop\agrismart-web-v1_1\Agrismart-main\AgriSmart.Infrastructure\AgriSmart.Infrastructure.csproj]
C:\Users\AlexQQ\Desktop\agrismart-web-v1_1\Agrismart-main\AgriSmart.Infrastructure\Repositories\Query\FarmQueryRepository.cs(59,49): warning CS8602: Dereference of a possibly null reference. [C:\Users\AlexQQ\Desktop\agrismart-web-v1_1\Agrismart-main\AgriSmart.Infrastructure\AgriSmart.Infrastructure.csproj]
C:\Users\AlexQQ\Desktop\agrismart-web-v1_1\Agrismart-main\AgriSmart.Infrastructure\Repositories\Query\FarmQueryRepository.cs(60,47): warning CS8602: Dereference of a possibly null reference. [C:\Users\AlexQQ\Desktop\agrismart-web-v1_1\Agrismart-main\AgriSmart.Infrastructure\AgriSmart.Infrastructure.csproj]
C:\Users\AlexQQ\Desktop\agrismart-web-v1_1\Agrismart-main\AgriSmart.Infrastructure\Repositories\Query\FarmQueryRepository.cs(61,49): warning CS8602: Dereference of a possibly null reference. [C:\Users\AlexQQ\Desktop\agrismart-web-v1_1\Agrismart-main\AgriSmart.Infrastructure\AgriSmart.Infrastructure.csproj]
C:\Users\AlexQQ\Desktop\agrismart-web-v1_1\Agrismart-main\AgriSmart.Infrastructure\Repositories\Query\FertilizerQueryRepository.cs(116,24): warning CS8603: Possible null reference return. [C:\Users\AlexQQ\Desktop\agrismart-web-v1_1\Agrismart-main\AgriSmart.Infrastructure\AgriSmart.Infrastructure.csproj]
C:\Users\AlexQQ\Desktop\agrismart-web-v1_1\Agrismart-main\AgriSmart.Infrastructure\Repositories\Query\FarmQueryRepository.cs(90,47): warning CS8602: Dereference of a possibly null reference. [C:\Users\AlexQQ\Desktop\agrismart-web-v1_1\Agrismart-main\AgriSmart.Infrastructure\AgriSmart.Infrastructure.csproj]
C:\Users\AlexQQ\Desktop\agrismart-web-v1_1\Agrismart-main\AgriSmart.Infrastructure\Repositories\Query\FarmQueryRepository.cs(91,42): warning CS8602: Dereference of a possibly null reference. [C:\Users\AlexQQ\Desktop\agrismart-web-v1_1\Agrismart-main\AgriSmart.Infrastructure\AgriSmart.Infrastructure.csproj]
C:\Users\AlexQQ\Desktop\agrismart-web-v1_1\Agrismart-main\AgriSmart.Infrastructure\Repositories\Query\FarmQueryRepository.cs(92,49): warning CS8602: Dereference of a possibly null reference. [C:\Users\AlexQQ\Desktop\agrismart-web-v1_1\Agrismart-main\AgriSmart.Infrastructure\AgriSmart.Infrastructure.csproj]
C:\Users\AlexQQ\Desktop\agrismart-web-v1_1\Agrismart-main\AgriSmart.Infrastructure\Repositories\Query\FarmQueryRepository.cs(93,48): warning CS8602: Dereference of a possibly null reference. [C:\Users\AlexQQ\Desktop\agrismart-web-v1_1\Agrismart-main\AgriSmart.Infrastructure\AgriSmart.Infrastructure.csproj]
C:\Users\AlexQQ\Desktop\agrismart-web-v1_1\Agrismart-main\AgriSmart.Infrastructure\Repositories\Query\FarmQueryRepository.cs(94,46): warning CS8602: Dereference of a possibly null reference. [C:\Users\AlexQQ\Desktop\agrismart-web-v1_1\Agrismart-main\AgriSmart.Infrastructure\AgriSmart.Infrastructure.csproj]
C:\Users\AlexQQ\Desktop\agrismart-web-v1_1\Agrismart-main\AgriSmart.Infrastructure\Repositories\Query\FarmQueryRepository.cs(95,45): warning CS8602: Dereference of a possibly null reference. [C:\Users\AlexQQ\Desktop\agrismart-web-v1_1\Agrismart-main\AgriSmart.Infrastructure\AgriSmart.Infrastructure.csproj]
C:\Users\AlexQQ\Desktop\agrismart-web-v1_1\Agrismart-main\AgriSmart.Infrastructure\Repositories\Query\FarmQueryRepository.cs(96,42): warning CS8602: Dereference of a possibly null reference. [C:\Users\AlexQQ\Desktop\agrismart-web-v1_1\Agrismart-main\AgriSmart.Infrastructure\AgriSmart.Infrastructure.csproj]
C:\Users\AlexQQ\Desktop\agrismart-web-v1_1\Agrismart-main\AgriSmart.Infrastructure\Repositories\Query\FarmQueryRepository.cs(97,46): warning CS8602: Dereference of a possibly null reference. [C:\Users\AlexQQ\Desktop\agrismart-web-v1_1\Agrismart-main\AgriSmart.Infrastructure\AgriSmart.Infrastructure.csproj]
C:\Users\AlexQQ\Desktop\agrismart-web-v1_1\Agrismart-main\AgriSmart.Infrastructure\Repositories\Query\FarmQueryRepository.cs(98,47): warning CS8602: Dereference of a possibly null reference. [C:\Users\AlexQQ\Desktop\agrismart-web-v1_1\Agrismart-main\AgriSmart.Infrastructure\AgriSmart.Infrastructure.csproj]
C:\Users\AlexQQ\Desktop\agrismart-web-v1_1\Agrismart-main\AgriSmart.Infrastructure\Repositories\Query\FarmQueryRepository.cs(99,45): warning CS8602: Dereference of a possibly null reference. [C:\Users\AlexQQ\Desktop\agrismart-web-v1_1\Agrismart-main\AgriSmart.Infrastructure\AgriSmart.Infrastructure.csproj]
C:\Users\AlexQQ\Desktop\agrismart-web-v1_1\Agrismart-main\AgriSmart.Infrastructure\Repositories\Query\FarmQueryRepository.cs(100,46): warning CS8602: Dereference of a possibly null reference. [C:\Users\AlexQQ\Desktop\agrismart-web-v1_1\Agrismart-main\AgriSmart.Infrastructure\AgriSmart.Infrastructure.csproj]
C:\Users\AlexQQ\Desktop\agrismart-web-v1_1\Agrismart-main\AgriSmart.Infrastructure\Repositories\Query\FarmQueryRepository.cs(101,44): warning CS8602: Dereference of a possibly null reference. [C:\Users\AlexQQ\Desktop\agrismart-web-v1_1\Agrismart-main\AgriSmart.Infrastructure\AgriSmart.Infrastructure.csproj]
C:\Users\AlexQQ\Desktop\agrismart-web-v1_1\Agrismart-main\AgriSmart.Infrastructure\Repositories\Query\FarmQueryRepository.cs(102,47): warning CS8602: Dereference of a possibly null reference. [C:\Users\AlexQQ\Desktop\agrismart-web-v1_1\Agrismart-main\AgriSmart.Infrastructure\AgriSmart.Infrastructure.csproj]
C:\Users\AlexQQ\Desktop\agrismart-web-v1_1\Agrismart-main\AgriSmart.Infrastructure\Repositories\Query\FarmQueryRepository.cs(103,49): warning CS8602: Dereference of a possibly null reference. [C:\Users\AlexQQ\Desktop\agrismart-web-v1_1\Agrismart-main\AgriSmart.Infrastructure\AgriSmart.Infrastructure.csproj]
C:\Users\AlexQQ\Desktop\agrismart-web-v1_1\Agrismart-main\AgriSmart.Infrastructure\Repositories\Query\FarmQueryRepository.cs(104,47): warning CS8602: Dereference of a possibly null reference. [C:\Users\AlexQQ\Desktop\agrismart-web-v1_1\Agrismart-main\AgriSmart.Infrastructure\AgriSmart.Infrastructure.csproj]
C:\Users\AlexQQ\Desktop\agrismart-web-v1_1\Agrismart-main\AgriSmart.Infrastructure\Repositories\Query\FarmQueryRepository.cs(105,49): warning CS8602: Dereference of a possibly null reference. [C:\Users\AlexQQ\Desktop\agrismart-web-v1_1\Agrismart-main\AgriSmart.Infrastructure\AgriSmart.Infrastructure.csproj]
C:\Users\AlexQQ\Desktop\agrismart-web-v1_1\Agrismart-main\AgriSmart.Infrastructure\Repositories\Query\IrrigationPlanEntryHistoryQueryRepository.cs(38,24): warning CS8603: Possible null reference return. [C:\Users\AlexQQ\Desktop\agrismart-web-v1_1\Agrismart-main\AgriSmart.Infrastructure\AgriSmart.Infrastructure.csproj]
C:\Users\AlexQQ\Desktop\agrismart-web-v1_1\Agrismart-main\AgriSmart.Infrastructure\Repositories\Query\CropProductionQueryRepository.cs(103,44): warning CS8602: Dereference of a possibly null reference. [C:\Users\AlexQQ\Desktop\agrismart-web-v1_1\Agrismart-main\AgriSmart.Infrastructure\AgriSmart.Infrastructure.csproj]
C:\Users\AlexQQ\Desktop\agrismart-web-v1_1\Agrismart-main\AgriSmart.Infrastructure\Repositories\Query\CropProductionQueryRepository.cs(104,54): warning CS8602: Dereference of a possibly null reference. [C:\Users\AlexQQ\Desktop\agrismart-web-v1_1\Agrismart-main\AgriSmart.Infrastructure\AgriSmart.Infrastructure.csproj]
C:\Users\AlexQQ\Desktop\agrismart-web-v1_1\Agrismart-main\AgriSmart.Infrastructure\Repositories\Query\CropProductionQueryRepository.cs(105,42): warning CS8602: Dereference of a possibly null reference. [C:\Users\AlexQQ\Desktop\agrismart-web-v1_1\Agrismart-main\AgriSmart.Infrastructure\AgriSmart.Infrastructure.csproj]
C:\Users\AlexQQ\Desktop\agrismart-web-v1_1\Agrismart-main\AgriSmart.Infrastructure\Repositories\Query\CropProductionQueryRepository.cs(106,49): warning CS8602: Dereference of a possibly null reference. [C:\Users\AlexQQ\Desktop\agrismart-web-v1_1\Agrismart-main\AgriSmart.Infrastructure\AgriSmart.Infrastructure.csproj]
C:\Users\AlexQQ\Desktop\agrismart-web-v1_1\Agrismart-main\AgriSmart.Infrastructure\Repositories\Query\CropProductionQueryRepository.cs(107,53): warning CS8602: Dereference of a possibly null reference. [C:\Users\AlexQQ\Desktop\agrismart-web-v1_1\Agrismart-main\AgriSmart.Infrastructure\AgriSmart.Infrastructure.csproj]
C:\Users\AlexQQ\Desktop\agrismart-web-v1_1\Agrismart-main\AgriSmart.Infrastructure\Repositories\Query\CropProductionQueryRepository.cs(108,43): warning CS8602: Dereference of a possibly null reference. [C:\Users\AlexQQ\Desktop\agrismart-web-v1_1\Agrismart-main\AgriSmart.Infrastructure\AgriSmart.Infrastructure.csproj]
C:\Users\AlexQQ\Desktop\agrismart-web-v1_1\Agrismart-main\AgriSmart.Infrastructure\Repositories\Query\CropProductionQueryRepository.cs(109,44): warning CS8602: Dereference of a possibly null reference. [C:\Users\AlexQQ\Desktop\agrismart-web-v1_1\Agrismart-main\AgriSmart.Infrastructure\AgriSmart.Infrastructure.csproj]
C:\Users\AlexQQ\Desktop\agrismart-web-v1_1\Agrismart-main\AgriSmart.Infrastructure\Repositories\Query\CropProductionQueryRepository.cs(110,56): warning CS8602: Dereference of a possibly null reference. [C:\Users\AlexQQ\Desktop\agrismart-web-v1_1\Agrismart-main\AgriSmart.Infrastructure\AgriSmart.Infrastructure.csproj]
C:\Users\AlexQQ\Desktop\agrismart-web-v1_1\Agrismart-main\AgriSmart.Infrastructure\Repositories\Query\CropProductionQueryRepository.cs(111,62): warning CS8602: Dereference of a possibly null reference. [C:\Users\AlexQQ\Desktop\agrismart-web-v1_1\Agrismart-main\AgriSmart.Infrastructure\AgriSmart.Infrastructure.csproj]
C:\Users\AlexQQ\Desktop\agrismart-web-v1_1\Agrismart-main\AgriSmart.Infrastructure\Repositories\Query\CropProductionQueryRepository.cs(112,58): warning CS8602: Dereference of a possibly null reference. [C:\Users\AlexQQ\Desktop\agrismart-web-v1_1\Agrismart-main\AgriSmart.Infrastructure\AgriSmart.Infrastructure.csproj]
C:\Users\AlexQQ\Desktop\agrismart-web-v1_1\Agrismart-main\AgriSmart.Infrastructure\Repositories\Query\CropProductionQueryRepository.cs(113,56): warning CS8602: Dereference of a possibly null reference. [C:\Users\AlexQQ\Desktop\agrismart-web-v1_1\Agrismart-main\AgriSmart.Infrastructure\AgriSmart.Infrastructure.csproj]
C:\Users\AlexQQ\Desktop\agrismart-web-v1_1\Agrismart-main\AgriSmart.Infrastructure\Repositories\Query\CropProductionQueryRepository.cs(114,47): warning CS8602: Dereference of a possibly null reference. [C:\Users\AlexQQ\Desktop\agrismart-web-v1_1\Agrismart-main\AgriSmart.Infrastructure\AgriSmart.Infrastructure.csproj]
C:\Users\AlexQQ\Desktop\agrismart-web-v1_1\Agrismart-main\AgriSmart.Infrastructure\Repositories\Query\CropProductionQueryRepository.cs(115,45): warning CS8602: Dereference of a possibly null reference. [C:\Users\AlexQQ\Desktop\agrismart-web-v1_1\Agrismart-main\AgriSmart.Infrastructure\AgriSmart.Infrastructure.csproj]
C:\Users\AlexQQ\Desktop\agrismart-web-v1_1\Agrismart-main\AgriSmart.Infrastructure\Repositories\Query\CropProductionQueryRepository.cs(116,64): warning CS8602: Dereference of a possibly null reference. [C:\Users\AlexQQ\Desktop\agrismart-web-v1_1\Agrismart-main\AgriSmart.Infrastructure\AgriSmart.Infrastructure.csproj]
C:\Users\AlexQQ\Desktop\agrismart-web-v1_1\Agrismart-main\AgriSmart.Infrastructure\Repositories\Query\CropProductionQueryRepository.cs(117,46): warning CS8602: Dereference of a possibly null reference. [C:\Users\AlexQQ\Desktop\agrismart-web-v1_1\Agrismart-main\AgriSmart.Infrastructure\AgriSmart.Infrastructure.csproj]
C:\Users\AlexQQ\Desktop\agrismart-web-v1_1\Agrismart-main\AgriSmart.Infrastructure\Repositories\Query\CropProductionQueryRepository.cs(118,46): warning CS8602: Dereference of a possibly null reference. [C:\Users\AlexQQ\Desktop\agrismart-web-v1_1\Agrismart-main\AgriSmart.Infrastructure\AgriSmart.Infrastructure.csproj]
C:\Users\AlexQQ\Desktop\agrismart-web-v1_1\Agrismart-main\AgriSmart.Infrastructure\Repositories\Query\CropProductionQueryRepository.cs(119,47): warning CS8602: Dereference of a possibly null reference. [C:\Users\AlexQQ\Desktop\agrismart-web-v1_1\Agrismart-main\AgriSmart.Infrastructure\AgriSmart.Infrastructure.csproj]
C:\Users\AlexQQ\Desktop\agrismart-web-v1_1\Agrismart-main\AgriSmart.Infrastructure\Repositories\Query\CropProductionQueryRepository.cs(120,44): warning CS8602: Dereference of a possibly null reference. [C:\Users\AlexQQ\Desktop\agrismart-web-v1_1\Agrismart-main\AgriSmart.Infrastructure\AgriSmart.Infrastructure.csproj]
C:\Users\AlexQQ\Desktop\agrismart-web-v1_1\Agrismart-main\AgriSmart.Infrastructure\Repositories\Query\CropProductionQueryRepository.cs(121,47): warning CS8602: Dereference of a possibly null reference. [C:\Users\AlexQQ\Desktop\agrismart-web-v1_1\Agrismart-main\AgriSmart.Infrastructure\AgriSmart.Infrastructure.csproj]
C:\Users\AlexQQ\Desktop\agrismart-web-v1_1\Agrismart-main\AgriSmart.Infrastructure\Repositories\Query\CropProductionQueryRepository.cs(122,49): warning CS8602: Dereference of a possibly null reference. [C:\Users\AlexQQ\Desktop\agrismart-web-v1_1\Agrismart-main\AgriSmart.Infrastructure\AgriSmart.Infrastructure.csproj]
C:\Users\AlexQQ\Desktop\agrismart-web-v1_1\Agrismart-main\AgriSmart.Infrastructure\Repositories\Query\CropProductionQueryRepository.cs(123,47): warning CS8602: Dereference of a possibly null reference. [C:\Users\AlexQQ\Desktop\agrismart-web-v1_1\Agrismart-main\AgriSmart.Infrastructure\AgriSmart.Infrastructure.csproj]
C:\Users\AlexQQ\Desktop\agrismart-web-v1_1\Agrismart-main\AgriSmart.Infrastructure\Repositories\Query\CropProductionQueryRepository.cs(124,49): warning CS8602: Dereference of a possibly null reference. [C:\Users\AlexQQ\Desktop\agrismart-web-v1_1\Agrismart-main\AgriSmart.Infrastructure\AgriSmart.Infrastructure.csproj]
C:\Users\AlexQQ\Desktop\agrismart-web-v1_1\Agrismart-main\AgriSmart.Infrastructure\Repositories\Query\MeasurementKPIQueryRepository.cs(44,24): warning CS8603: Possible null reference return. [C:\Users\AlexQQ\Desktop\agrismart-web-v1_1\Agrismart-main\AgriSmart.Infrastructure\AgriSmart.Infrastructure.csproj]
C:\Users\AlexQQ\Desktop\agrismart-web-v1_1\Agrismart-main\AgriSmart.Infrastructure\Repositories\Query\TimeZoneQueryRepository.cs(40,24): warning CS8603: Possible null reference return. [C:\Users\AlexQQ\Desktop\agrismart-web-v1_1\Agrismart-main\AgriSmart.Infrastructure\AgriSmart.Infrastructure.csproj]
C:\Users\AlexQQ\Desktop\agrismart-web-v1_1\Agrismart-main\AgriSmart.Infrastructure\Repositories\Query\IrrigationRequestsQueryRepository.cs(47,54): warning CS8602: Dereference of a possibly null reference. [C:\Users\AlexQQ\Desktop\agrismart-web-v1_1\Agrismart-main\AgriSmart.Infrastructure\AgriSmart.Infrastructure.csproj]
C:\Users\AlexQQ\Desktop\agrismart-web-v1_1\Agrismart-main\AgriSmart.Infrastructure\Repositories\Query\IrrigationRequestsQueryRepository.cs(48,46): warning CS8602: Dereference of a possibly null reference. [C:\Users\AlexQQ\Desktop\agrismart-web-v1_1\Agrismart-main\AgriSmart.Infrastructure\AgriSmart.Infrastructure.csproj]
C:\Users\AlexQQ\Desktop\agrismart-web-v1_1\Agrismart-main\AgriSmart.Infrastructure\Repositories\Query\IrrigationRequestsQueryRepository.cs(49,52): warning CS8602: Dereference of a possibly null reference. [C:\Users\AlexQQ\Desktop\agrismart-web-v1_1\Agrismart-main\AgriSmart.Infrastructure\AgriSmart.Infrastructure.csproj]
C:\Users\AlexQQ\Desktop\agrismart-web-v1_1\Agrismart-main\AgriSmart.Infrastructure\Repositories\Query\IrrigationRequestsQueryRepository.cs(50,49): warning CS8602: Dereference of a possibly null reference. [C:\Users\AlexQQ\Desktop\agrismart-web-v1_1\Agrismart-main\AgriSmart.Infrastructure\AgriSmart.Infrastructure.csproj]
C:\Users\AlexQQ\Desktop\agrismart-web-v1_1\Agrismart-main\AgriSmart.Infrastructure\Repositories\Query\IrrigationRequestsQueryRepository.cs(51,47): warning CS8602: Dereference of a possibly null reference. [C:\Users\AlexQQ\Desktop\agrismart-web-v1_1\Agrismart-main\AgriSmart.Infrastructure\AgriSmart.Infrastructure.csproj]
C:\Users\AlexQQ\Desktop\agrismart-web-v1_1\Agrismart-main\AgriSmart.Infrastructure\Repositories\Query\MeasurementVariablesQueryRepository.cs(59,24): warning CS8603: Possible null reference return. [C:\Users\AlexQQ\Desktop\agrismart-web-v1_1\Agrismart-main\AgriSmart.Infrastructure\AgriSmart.Infrastructure.csproj]
C:\Users\AlexQQ\Desktop\agrismart-web-v1_1\Agrismart-main\AgriSmart.Infrastructure\Repositories\Query\ProductionUnitQueryRepository.cs(44,58): warning CS8602: Dereference of a possibly null reference. [C:\Users\AlexQQ\Desktop\agrismart-web-v1_1\Agrismart-main\AgriSmart.Infrastructure\AgriSmart.Infrastructure.csproj]
C:\Users\AlexQQ\Desktop\agrismart-web-v1_1\Agrismart-main\AgriSmart.Infrastructure\Repositories\Query\ProductionUnitQueryRepository.cs(45,44): warning CS8602: Dereference of a possibly null reference. [C:\Users\AlexQQ\Desktop\agrismart-web-v1_1\Agrismart-main\AgriSmart.Infrastructure\AgriSmart.Infrastructure.csproj]
C:\Users\AlexQQ\Desktop\agrismart-web-v1_1\Agrismart-main\AgriSmart.Infrastructure\Repositories\Query\ProductionUnitQueryRepository.cs(46,42): warning CS8602: Dereference of a possibly null reference. [C:\Users\AlexQQ\Desktop\agrismart-web-v1_1\Agrismart-main\AgriSmart.Infrastructure\AgriSmart.Infrastructure.csproj]
C:\Users\AlexQQ\Desktop\agrismart-web-v1_1\Agrismart-main\AgriSmart.Infrastructure\Repositories\Query\ProductionUnitQueryRepository.cs(47,49): warning CS8602: Dereference of a possibly null reference. [C:\Users\AlexQQ\Desktop\agrismart-web-v1_1\Agrismart-main\AgriSmart.Infrastructure\AgriSmart.Infrastructure.csproj]
C:\Users\AlexQQ\Desktop\agrismart-web-v1_1\Agrismart-main\AgriSmart.Infrastructure\Repositories\Query\ProductionUnitQueryRepository.cs(48,44): warning CS8602: Dereference of a possibly null reference. [C:\Users\AlexQQ\Desktop\agrismart-web-v1_1\Agrismart-main\AgriSmart.Infrastructure\AgriSmart.Infrastructure.csproj]
C:\Users\AlexQQ\Desktop\agrismart-web-v1_1\Agrismart-main\AgriSmart.Infrastructure\Repositories\Query\ProductionUnitQueryRepository.cs(49,47): warning CS8602: Dereference of a possibly null reference. [C:\Users\AlexQQ\Desktop\agrismart-web-v1_1\Agrismart-main\AgriSmart.Infrastructure\AgriSmart.Infrastructure.csproj]
C:\Users\AlexQQ\Desktop\agrismart-web-v1_1\Agrismart-main\AgriSmart.Infrastructure\Repositories\Query\ProductionUnitQueryRepository.cs(50,49): warning CS8602: Dereference of a possibly null reference. [C:\Users\AlexQQ\Desktop\agrismart-web-v1_1\Agrismart-main\AgriSmart.Infrastructure\AgriSmart.Infrastructure.csproj]
C:\Users\AlexQQ\Desktop\agrismart-web-v1_1\Agrismart-main\AgriSmart.Infrastructure\Repositories\Query\ProductionUnitQueryRepository.cs(51,47): warning CS8602: Dereference of a possibly null reference. [C:\Users\AlexQQ\Desktop\agrismart-web-v1_1\Agrismart-main\AgriSmart.Infrastructure\AgriSmart.Infrastructure.csproj]
C:\Users\AlexQQ\Desktop\agrismart-web-v1_1\Agrismart-main\AgriSmart.Infrastructure\Repositories\Query\ProductionUnitQueryRepository.cs(52,49): warning CS8602: Dereference of a possibly null reference. [C:\Users\AlexQQ\Desktop\agrismart-web-v1_1\Agrismart-main\AgriSmart.Infrastructure\AgriSmart.Infrastructure.csproj]
C:\Users\AlexQQ\Desktop\agrismart-web-v1_1\Agrismart-main\AgriSmart.Infrastructure\Repositories\Query\ProductionUnitQueryRepository.cs(82,58): warning CS8602: Dereference of a possibly null reference. [C:\Users\AlexQQ\Desktop\agrismart-web-v1_1\Agrismart-main\AgriSmart.Infrastructure\AgriSmart.Infrastructure.csproj]
C:\Users\AlexQQ\Desktop\agrismart-web-v1_1\Agrismart-main\AgriSmart.Infrastructure\Repositories\Query\ProductionUnitQueryRepository.cs(83,44): warning CS8602: Dereference of a possibly null reference. [C:\Users\AlexQQ\Desktop\agrismart-web-v1_1\Agrismart-main\AgriSmart.Infrastructure\AgriSmart.Infrastructure.csproj]
C:\Users\AlexQQ\Desktop\agrismart-web-v1_1\Agrismart-main\AgriSmart.Infrastructure\Repositories\Query\ProductionUnitQueryRepository.cs(84,42): warning CS8602: Dereference of a possibly null reference. [C:\Users\AlexQQ\Desktop\agrismart-web-v1_1\Agrismart-main\AgriSmart.Infrastructure\AgriSmart.Infrastructure.csproj]
C:\Users\AlexQQ\Desktop\agrismart-web-v1_1\Agrismart-main\AgriSmart.Infrastructure\Repositories\Query\ProductionUnitQueryRepository.cs(85,49): warning CS8602: Dereference of a possibly null reference. [C:\Users\AlexQQ\Desktop\agrismart-web-v1_1\Agrismart-main\AgriSmart.Infrastructure\AgriSmart.Infrastructure.csproj]
C:\Users\AlexQQ\Desktop\agrismart-web-v1_1\Agrismart-main\AgriSmart.Infrastructure\Repositories\Query\ProductionUnitQueryRepository.cs(86,44): warning CS8602: Dereference of a possibly null reference. [C:\Users\AlexQQ\Desktop\agrismart-web-v1_1\Agrismart-main\AgriSmart.Infrastructure\AgriSmart.Infrastructure.csproj]
C:\Users\AlexQQ\Desktop\agrismart-web-v1_1\Agrismart-main\AgriSmart.Infrastructure\Repositories\Query\ProductionUnitQueryRepository.cs(87,47): warning CS8602: Dereference of a possibly null reference. [C:\Users\AlexQQ\Desktop\agrismart-web-v1_1\Agrismart-main\AgriSmart.Infrastructure\AgriSmart.Infrastructure.csproj]
C:\Users\AlexQQ\Desktop\agrismart-web-v1_1\Agrismart-main\AgriSmart.Infrastructure\Repositories\Query\ProductionUnitQueryRepository.cs(88,49): warning CS8602: Dereference of a possibly null reference. [C:\Users\AlexQQ\Desktop\agrismart-web-v1_1\Agrismart-main\AgriSmart.Infrastructure\AgriSmart.Infrastructure.csproj]
C:\Users\AlexQQ\Desktop\agrismart-web-v1_1\Agrismart-main\AgriSmart.Infrastructure\Repositories\Query\ProductionUnitQueryRepository.cs(89,47): warning CS8602: Dereference of a possibly null reference. [C:\Users\AlexQQ\Desktop\agrismart-web-v1_1\Agrismart-main\AgriSmart.Infrastructure\AgriSmart.Infrastructure.csproj]
C:\Users\AlexQQ\Desktop\agrismart-web-v1_1\Agrismart-main\AgriSmart.Infrastructure\Repositories\Query\ProductionUnitQueryRepository.cs(90,49): warning CS8602: Dereference of a possibly null reference. [C:\Users\AlexQQ\Desktop\agrismart-web-v1_1\Agrismart-main\AgriSmart.Infrastructure\AgriSmart.Infrastructure.csproj]
C:\Users\AlexQQ\Desktop\agrismart-web-v1_1\Agrismart-main\AgriSmart.Infrastructure\Repositories\Query\UserQueryRepositoryExtensions.cs(17,45): error CS7036: There is no argument given that corresponds to the required parameter 'profileId' of 'IUserQueryRepository.GetAllAsync(int, int, int)' [C:\Users\AlexQQ\Desktop\agrismart-web-v1_1\Agrismart-main\AgriSmart.Infrastructure\AgriSmart.Infrastructure.csproj]
    174 Warning(s)
    1 Error(s)

Time Elapsed 00:00:04.17
